###############################################################################
#                                                                             #
# IAR ELF Linker V6.70.1.5641/W32 for ARM               04/Apr/2018  19:18:15 #
# Copyright 2007-2013 IAR Systems AB.                                         #
#                                                                             #
#    Output file  =  C:\Users\duoyw\Desktop\·É¿¨\myproject3\competition´´Òâ×é #
#                    _3_30_15µã47·Ö×óÓÒ100ÆµÂÊ¸Ä±ä¾ùÔÈ\Prj\IAR\DZ10_Debug\Exe #
#                    \vcan_Kinetis.out                                        #
#    Map file     =  C:\Users\duoyw\Desktop\·É¿¨\myproject3\competition´´Òâ×é #
#                    _3_30_15µã47·Ö×óÓÒ100ÆµÂÊ¸Ä±ä¾ùÔÈ\Prj\IAR\DZ10_Debug\Lis #
#                    t\vcan_Kinetis.map                                       #
#    Command line =  C:\Users\duoyw\Desktop\·É¿¨\myproject3\competition´´Òâ×é #
#                    _3_30_15µã47·Ö×óÓÒ100ÆµÂÊ¸Ä±ä¾ùÔÈ\Prj\IAR\DZ10_Debug\Obj #
#                    \CrtlCar.o C:\Users\duoyw\Desktop\·É¿¨\myproject3\compet #
#                    ition´´Òâ×é_3_30_15µã47·Ö×óÓÒ100ÆµÂÊ¸Ä±ä¾ùÔÈ\Prj\IAR\DZ1 #
#                    0_Debug\Obj\CrtlMoto.o C:\Users\duoyw\Desktop\·É¿¨\mypro #
#                    ject3\competition´´Òâ×é_3_30_15µã47·Ö×óÓÒ100ÆµÂÊ¸Ä±ä¾ùÔÈ #
#                    \Prj\IAR\DZ10_Debug\Obj\ctrl_basic.o                     #
#                    C:\Users\duoyw\Desktop\·É¿¨\myproject3\competition´´Òâ×é #
#                    _3_30_15µã47·Ö×óÓÒ100ÆµÂÊ¸Ä±ä¾ùÔÈ\Prj\IAR\DZ10_Debug\Obj #
#                    \main.o C:\Users\duoyw\Desktop\·É¿¨\myproject3\competiti #
#                    on´´Òâ×é_3_30_15µã47·Ö×óÓÒ100ÆµÂÊ¸Ä±ä¾ùÔÈ\Prj\IAR\DZ10_D #
#                    ebug\Obj\misc.o C:\Users\duoyw\Desktop\·É¿¨\myproject3\c #
#                    ompetition´´Òâ×é_3_30_15µã47·Ö×óÓÒ100ÆµÂÊ¸Ä±ä¾ùÔÈ\Prj\IA #
#                    R\DZ10_Debug\Obj\MK60_adc.o                              #
#                    C:\Users\duoyw\Desktop\·É¿¨\myproject3\competition´´Òâ×é #
#                    _3_30_15µã47·Ö×óÓÒ100ÆµÂÊ¸Ä±ä¾ùÔÈ\Prj\IAR\DZ10_Debug\Obj #
#                    \MK60_conf.o C:\Users\duoyw\Desktop\·É¿¨\myproject3\comp #
#                    etition´´Òâ×é_3_30_15µã47·Ö×óÓÒ100ÆµÂÊ¸Ä±ä¾ùÔÈ\Prj\IAR\D #
#                    Z10_Debug\Obj\MK60_dac.o C:\Users\duoyw\Desktop\·É¿¨\myp #
#                    roject3\competition´´Òâ×é_3_30_15µã47·Ö×óÓÒ100ÆµÂÊ¸Ä±ä¾ù #
#                    ÔÈ\Prj\IAR\DZ10_Debug\Obj\MK60_dma.o                     #
#                    C:\Users\duoyw\Desktop\·É¿¨\myproject3\competition´´Òâ×é #
#                    _3_30_15µã47·Ö×óÓÒ100ÆµÂÊ¸Ä±ä¾ùÔÈ\Prj\IAR\DZ10_Debug\Obj #
#                    \MK60_DWT.o C:\Users\duoyw\Desktop\·É¿¨\myproject3\compe #
#                    tition´´Òâ×é_3_30_15µã47·Ö×óÓÒ100ÆµÂÊ¸Ä±ä¾ùÔÈ\Prj\IAR\DZ #
#                    10_Debug\Obj\MK60_flash.o C:\Users\duoyw\Desktop\·É¿¨\my #
#                    project3\competition´´Òâ×é_3_30_15µã47·Ö×óÓÒ100ÆµÂÊ¸Ä±ä¾ #
#                    ùÔÈ\Prj\IAR\DZ10_Debug\Obj\MK60_ftm.o                    #
#                    C:\Users\duoyw\Desktop\·É¿¨\myproject3\competition´´Òâ×é #
#                    _3_30_15µã47·Ö×óÓÒ100ÆµÂÊ¸Ä±ä¾ùÔÈ\Prj\IAR\DZ10_Debug\Obj #
#                    \MK60_gpio.o C:\Users\duoyw\Desktop\·É¿¨\myproject3\comp #
#                    etition´´Òâ×é_3_30_15µã47·Ö×óÓÒ100ÆµÂÊ¸Ä±ä¾ùÔÈ\Prj\IAR\D #
#                    Z10_Debug\Obj\MK60_i2c.o C:\Users\duoyw\Desktop\·É¿¨\myp #
#                    roject3\competition´´Òâ×é_3_30_15µã47·Ö×óÓÒ100ÆµÂÊ¸Ä±ä¾ù #
#                    ÔÈ\Prj\IAR\DZ10_Debug\Obj\MK60_it.o                      #
#                    C:\Users\duoyw\Desktop\·É¿¨\myproject3\competition´´Òâ×é #
#                    _3_30_15µã47·Ö×óÓÒ100ÆµÂÊ¸Ä±ä¾ùÔÈ\Prj\IAR\DZ10_Debug\Obj #
#                    \MK60_lptmr.o C:\Users\duoyw\Desktop\·É¿¨\myproject3\com #
#                    petition´´Òâ×é_3_30_15µã47·Ö×óÓÒ100ÆµÂÊ¸Ä±ä¾ùÔÈ\Prj\IAR\ #
#                    DZ10_Debug\Obj\MK60_mcg.o C:\Users\duoyw\Desktop\·É¿¨\my #
#                    project3\competition´´Òâ×é_3_30_15µã47·Ö×óÓÒ100ÆµÂÊ¸Ä±ä¾ #
#                    ùÔÈ\Prj\IAR\DZ10_Debug\Obj\MK60_PIT.o                    #
#                    C:\Users\duoyw\Desktop\·É¿¨\myproject3\competition´´Òâ×é #
#                    _3_30_15µã47·Ö×óÓÒ100ÆµÂÊ¸Ä±ä¾ùÔÈ\Prj\IAR\DZ10_Debug\Obj #
#                    \MK60_port.o C:\Users\duoyw\Desktop\·É¿¨\myproject3\comp #
#                    etition´´Òâ×é_3_30_15µã47·Ö×óÓÒ100ÆµÂÊ¸Ä±ä¾ùÔÈ\Prj\IAR\D #
#                    Z10_Debug\Obj\MK60_rtc.o C:\Users\duoyw\Desktop\·É¿¨\myp #
#                    roject3\competition´´Òâ×é_3_30_15µã47·Ö×óÓÒ100ÆµÂÊ¸Ä±ä¾ù #
#                    ÔÈ\Prj\IAR\DZ10_Debug\Obj\MK60_spi.o                     #
#                    C:\Users\duoyw\Desktop\·É¿¨\myproject3\competition´´Òâ×é #
#                    _3_30_15µã47·Ö×óÓÒ100ÆµÂÊ¸Ä±ä¾ùÔÈ\Prj\IAR\DZ10_Debug\Obj #
#                    \MK60_SysTick.o C:\Users\duoyw\Desktop\·É¿¨\myproject3\c #
#                    ompetition´´Òâ×é_3_30_15µã47·Ö×óÓÒ100ÆµÂÊ¸Ä±ä¾ùÔÈ\Prj\IA #
#                    R\DZ10_Debug\Obj\MK60_uart.o                             #
#                    C:\Users\duoyw\Desktop\·É¿¨\myproject3\competition´´Òâ×é #
#                    _3_30_15µã47·Ö×óÓÒ100ÆµÂÊ¸Ä±ä¾ùÔÈ\Prj\IAR\DZ10_Debug\Obj #
#                    \MK60_wdog.o C:\Users\duoyw\Desktop\·É¿¨\myproject3\comp #
#                    etition´´Òâ×é_3_30_15µã47·Ö×óÓÒ100ÆµÂÊ¸Ä±ä¾ùÔÈ\Prj\IAR\D #
#                    Z10_Debug\Obj\startup_MK60DZ10.o                         #
#                    C:\Users\duoyw\Desktop\·É¿¨\myproject3\competition´´Òâ×é #
#                    _3_30_15µã47·Ö×óÓÒ100ÆµÂÊ¸Ä±ä¾ùÔÈ\Prj\IAR\DZ10_Debug\Obj #
#                    \system_MK60DZ10.o C:\Users\duoyw\Desktop\·É¿¨\myproject #
#                    3\competition´´Òâ×é_3_30_15µã47·Ö×óÓÒ100ÆµÂÊ¸Ä±ä¾ùÔÈ\Prj #
#                    \IAR\DZ10_Debug\Obj\VCAN_computer.o                      #
#                    C:\Users\duoyw\Desktop\·É¿¨\myproject3\competition´´Òâ×é #
#                    _3_30_15µã47·Ö×óÓÒ100ÆµÂÊ¸Ä±ä¾ùÔÈ\Prj\IAR\DZ10_Debug\Obj #
#                    \VCAN_FreeCar.o C:\Users\duoyw\Desktop\·É¿¨\myproject3\c #
#                    ompetition´´Òâ×é_3_30_15µã47·Ö×óÓÒ100ÆµÂÊ¸Ä±ä¾ùÔÈ\Prj\IA #
#                    R\DZ10_Debug\Obj\VCAN_key.o                              #
#                    C:\Users\duoyw\Desktop\·É¿¨\myproject3\competition´´Òâ×é #
#                    _3_30_15µã47·Ö×óÓÒ100ÆµÂÊ¸Ä±ä¾ùÔÈ\Prj\IAR\DZ10_Debug\Obj #
#                    \VCAN_LED.o C:\Users\duoyw\Desktop\·É¿¨\myproject3\compe #
#                    tition´´Òâ×é_3_30_15µã47·Ö×óÓÒ100ÆµÂÊ¸Ä±ä¾ùÔÈ\Prj\IAR\DZ #
#                    10_Debug\Obj\VCAN_MyMath.o C:\Users\duoyw\Desktop\·É¿¨\m #
#                    yproject3\competition´´Òâ×é_3_30_15µã47·Ö×óÓÒ100ÆµÂÊ¸Ä±ä #
#                    ¾ùÔÈ\Prj\IAR\DZ10_Debug\Obj\VCAN_NVIC.o                  #
#                    C:\Users\duoyw\Desktop\·É¿¨\myproject3\competition´´Òâ×é #
#                    _3_30_15µã47·Ö×óÓÒ100ÆµÂÊ¸Ä±ä¾ùÔÈ\Prj\IAR\DZ10_Debug\Obj #
#                    \VCAN_PIT.o C:\Users\duoyw\Desktop\·É¿¨\myproject3\compe #
#                    tition´´Òâ×é_3_30_15µã47·Ö×óÓÒ100ÆµÂÊ¸Ä±ä¾ùÔÈ\Prj\IAR\DZ #
#                    10_Debug\Obj\VCAN_PwmMoto.o                              #
#                    C:\Users\duoyw\Desktop\·É¿¨\myproject3\competition´´Òâ×é #
#                    _3_30_15µã47·Ö×óÓÒ100ÆµÂÊ¸Ä±ä¾ùÔÈ\Prj\IAR\DZ10_Debug\Obj #
#                    \VCAN_Servo.o C:\Users\duoyw\Desktop\·É¿¨\myproject3\com #
#                    petition´´Òâ×é_3_30_15µã47·Ö×óÓÒ100ÆµÂÊ¸Ä±ä¾ùÔÈ\Prj\IAR\ #
#                    DZ10_Debug\Obj\VCAN_Track.o                              #
#                    C:\Users\duoyw\Desktop\·É¿¨\myproject3\competition´´Òâ×é #
#                    _3_30_15µã47·Ö×óÓÒ100ÆµÂÊ¸Ä±ä¾ùÔÈ\Prj\IAR\DZ10_Debug\Obj #
#                    \VCAN_UART.o C:\Users\duoyw\Desktop\·É¿¨\myproject3\comp #
#                    etition´´Òâ×é_3_30_15µã47·Ö×óÓÒ100ÆµÂÊ¸Ä±ä¾ùÔÈ\Prj\IAR\D #
#                    Z10_Debug\Obj\vectors.o --redirect                       #
#                    _Printf=_PrintfLargeNoMb --redirect                      #
#                    _Scanf=_ScanfLargeNoMb -o C:\Users\duoyw\Desktop\·É¿¨\my #
#                    project3\competition´´Òâ×é_3_30_15µã47·Ö×óÓÒ100ÆµÂÊ¸Ä±ä¾ #
#                    ùÔÈ\Prj\IAR\DZ10_Debug\Exe\vcan_Kinetis.out --map        #
#                    C:\Users\duoyw\Desktop\·É¿¨\myproject3\competition´´Òâ×é #
#                    _3_30_15µã47·Ö×óÓÒ100ÆµÂÊ¸Ä±ä¾ùÔÈ\Prj\IAR\DZ10_Debug\Lis #
#                    t\vcan_Kinetis.map --config                              #
#                    "C:\Users\duoyw\Desktop\·É¿¨\myproject3\competition´´Òâ× #
#                    é_3_30_15µã47·Ö×óÓÒ100ÆµÂÊ¸Ä±ä¾ùÔÈ\Prj\IAR\config        #
#                    files\vcan_ROM_K60N512.icf"                              #
#                    C:\Users\duoyw\Desktop\·É¿¨\myproject3\competition´´Òâ×é #
#                    _3_30_15µã47·Ö×óÓÒ100ÆµÂÊ¸Ä±ä¾ùÔÈ\Prj\IAR\..\..\Lib\CMSI #
#                    S\iar_cortexM4l_math.a --entry __iar_program_start --vfe #
#                                                                             #
#                                                                             #
###############################################################################

*******************************************************************************
*** RUNTIME MODEL ATTRIBUTES
***

CppFlavor       = *
__SystemLibrary = DLib


*******************************************************************************
*** PLACEMENT SUMMARY
***

"A1":  place at 0x00000000 { ro section .intvec };
"A2":  place at 0x00000410 { ro section .noinit };
"P1":  place in [from 0x00000000 to 0x00080000] { ro, block CodeRelocate };
"P2":  place in [from 0x1fff0410 to 0x20010000] {
          rw, block CodeRelocateRam, block CSTACK, block HEAP };

  Section              Kind        Address    Size  Object
  -------              ----        -------    ----  ------
"A1":                                        0x410
  .intvec              const    0x00000000   0x410  vectors.o [1]
                              - 0x00000410   0x410

"P1", part 1 of 2:                             0x0
  .rodata              const    0x00000410     0x0  zero_init3.o [5]

"A2":                                          0x8
  .noinit              ro code  0x00000410     0x8  startup_MK60DZ10.o [1]
                              - 0x00000418     0x8

"P1", part 2 of 2:                          0x4768
  .text                ro code  0x00000418   0xbf2  xprintflarge_nomb.o [3]
  .text                ro code  0x0000100a    0x22  zero_init3.o [5]
  .text                ro code  0x0000102c    0x16  strchr.o [5]
  .text                ro code  0x00001044    0x36  strlen.o [5]
  .text                ro code  0x0000107c    0x58  memchr.o [5]
  .text                ro code  0x000010d4    0xee  I64DivMod.o [5]
  .text                ro code  0x000011c4    0x76  ABImemcpy_unaligned.o [5]
  .text                ro code  0x0000123a    0x42  xdnorm.o [4]
  .text                ro code  0x0000127c    0x2e  DblCmpLe.o [4]
  .text                ro code  0x000012ac   0x1a2  DblMul.o [4]
  .text                ro code  0x00001450   0x246  DblDiv.o [4]
  .text                ro code  0x00001698    0x58  DblToI32.o [4]
  .text                ro code  0x000016f0    0x30  I32ToDbl.o [4]
  .text                ro code  0x00001720   0x180  DblSub.o [4]
  .text                ro code  0x000018a0    0x6c  localeconv.o [3]
  .text                ro code  0x0000190c     0xe  div.o [3]
  .text                ro code  0x0000191c     0x2  I64DivZer.o [5]
  .text                ro code  0x00001920    0xe8  DblAdd.o [4]
  .text                ro code  0x00001a08     0x2  xtls.o [3]
  .data_init                    0x00001a0c   0x800  <Block>
    Initializer bytes  ro data  0x00001a0c   0x800  <for .data-1>
  .text                ro code  0x0000220c   0x4d8  VCAN_FreeCar.o [1]
  .text                ro code  0x000026e4   0x330  MK60_uart.o [1]
  .text                ro code  0x00002a14    0x50  misc.o [1]
  .text                ro code  0x00002a64   0x3c4  CrtlMoto.o [1]
  .text                ro code  0x00002e28   0x1c8  CrtlCar.o [1]
  .text                ro code  0x00002ff0    0xb0  MK60_port.o [1]
  Veneer               ro code  0x000030a0     0x8  - Linker created -
  Veneer               ro code  0x000030a8     0x8  - Linker created -
  .text                ro code  0x000030b0   0x138  MK60_conf.o [1]
  .text                ro code  0x000031e8   0x2bc  VCAN_PwmMoto.o [1]
  .text                ro code  0x000034a4    0x2e  DblCmpGe.o [4]
  .text                ro code  0x000034d4   0x19c  MK60_gpio.o [1]
  .text                ro code  0x00003670    0x70  VCAN_LED.o [1]
  .text                ro code  0x000036e0    0x24  printf.o [3]
  .text                ro code  0x00003704    0x64  MK60_SysTick.o [1]
  .text                ro code  0x00003768    0x9c  VCAN_key.o [1]
  .text                ro code  0x00003804   0x450  MK60_ftm.o [1]
  Veneer               ro code  0x00003c54     0x8  - Linker created -
  .text                ro code  0x00003c5c   0x3b4  MK60_mcg.o [1]
  CodeRelocate                  0x00004010   0x1c8  <Block>
    Initializer bytes  ro data  0x00004010   0x1c8  <for CodeRelocateRam-1>
  .text                ro code  0x000041d8   0x158  MK60_it.o [1]
  .text                ro code  0x00004330    0xcc  VCAN_Servo.o [1]
  .text                ro code  0x000043fc   0x130  system_MK60DZ10.o [1]
  .text                ro code  0x0000452c    0x40  MK60_wdog.o [1]
  .text                ro code  0x0000456c    0x50  main.o [1]
  .text                ro code  0x000045bc    0x40  VCAN_PIT.o [1]
  .text                ro code  0x000045fc    0x36  VCAN_NVIC.o [1]
  .text                ro code  0x00004634    0x7c  MK60_PIT.o [1]
  .rodata              const    0x000046b0    0x74  MK60_SysTick.o [1]
  .rodata              const    0x00004724    0x70  MK60_flash.o [1]
  .rodata              const    0x00004794    0x70  MK60_ftm.o [1]
  .rodata              const    0x00004804    0x70  MK60_gpio.o [1]
  .rodata              const    0x00004874    0x70  MK60_PIT.o [1]
  .rodata              const    0x000048e4    0x70  MK60_uart.o [1]
  .rodata              const    0x00004954    0x6c  misc.o [1]
  .rodata              const    0x000049c0    0x3c  MK60_conf.o [1]
  .text                ro code  0x000049fc    0x28  data_init.o [5]
  .rodata              const    0x00004a24    0x24  MK60_conf.o [1]
  .iar.init_table      const    0x00004a48    0x10  - Linker created -
  .rodata              const    0x00004a58    0x20  MK60_conf.o [1]
  .text                ro code  0x00004a78    0x1a  cmain.o [5]
  .text                ro code  0x00004a92     0x4  low_level_init.o [3]
  .text                ro code  0x00004a96     0x4  exit.o [3]
  .text                ro code  0x00004a9c     0xa  cexit.o [5]
  .text                ro code  0x00004aa8     0xc  XXexit.o [5]
  .text                ro code  0x00004ab4    0x16  xprout.o [3]
  .text                ro code  0x00004acc     0xc  putchar.o [3]
  .rodata              const    0x00004ad8    0x14  MK60_conf.o [1]
  .text                ro code  0x00004aec     0xc  cstartup_M.o [5]
  Initializer bytes    ro data  0x00004af8    0x88  <for P2 s0>
                              - 0x00004b80  0x4768

"P2", part 1 of 3:                           0x9c8
  .data                         0x1fff0410   0x800  <Block>
    .data-1                     0x1fff0410   0x800  <Init block>
      .data            inited   0x1fff0410   0x708  MK60_conf.o [1]
      .data            inited   0x1fff0b18     0xc  MK60_ftm.o [1]
      .data            inited   0x1fff0b24    0x14  MK60_gpio.o [1]
      .data            inited   0x1fff0b38    0x44  MK60_mcg.o [1]
      .data            inited   0x1fff0b7c     0x4  MK60_mcg.o [1]
      .data            inited   0x1fff0b80    0x14  MK60_port.o [1]
      .data            inited   0x1fff0b94    0x18  MK60_uart.o [1]
      .data            inited   0x1fff0bac     0x1  VCAN_FreeCar.o [1]
      .data            inited   0x1fff0bad     0x1  VCAN_FreeCar.o [1]
      .data            inited   0x1fff0bb0     0x8  VCAN_key.o [1]
      .data            inited   0x1fff0bb8     0x4  VCAN_LED.o [1]
      .data            inited   0x1fff0bbc     0x4  VCAN_PwmMoto.o [1]
      .data            inited   0x1fff0bc0     0x4  VCAN_PwmMoto.o [1]
      .data            inited   0x1fff0bc4     0x4  VCAN_Servo.o [1]
      .data            inited   0x1fff0bc8     0x4  VCAN_Servo.o [1]
      .data            inited   0x1fff0bcc     0x1  VCAN_Servo.o [1]
      .data            inited   0x1fff0bd0    0x40  xfiles.o [3]
  CodeRelocateRam               0x1fff0c10   0x1c8  <Block>
    CodeRelocateRam-1           0x1fff0c10   0x1c8  <Init block>
      Veneer           inited   0x1fff0c10     0x8  - Linker created -
      Veneer           inited   0x1fff0c18     0x8  - Linker created -
      .textrw          inited   0x1fff0c20   0x168  MK60_flash.o [1]
      .textrw          inited   0x1fff0d88    0x50  MK60_mcg.o [1]
                              - 0x1fff0dd8   0x9c8

"P2", part 2 of 3:                           0x2c4
  .bss                          0x1fff0dd8   0x2c4  <Block>
    .bss               zero     0x1fff0dd8     0x8  CrtlMoto.o [1]
    .bss               zero     0x1fff0de0     0x8  CrtlMoto.o [1]
    .bss               zero     0x1fff0de8     0x8  CrtlMoto.o [1]
    .bss               zero     0x1fff0df0     0x8  CrtlMoto.o [1]
    .bss               zero     0x1fff0df8    0x48  VCAN_FreeCar.o [1]
    .bss               zero     0x1fff0e40     0x4  CrtlCar.o [1]
    .bss               zero     0x1fff0e44    0x2c  CrtlMoto.o [1]
    .bss               zero     0x1fff0e70     0x4  CrtlMoto.o [1]
    .bss               zero     0x1fff0e74     0x4  CrtlMoto.o [1]
    .bss               zero     0x1fff0e78     0x4  main.o [1]
    .bss               zero     0x1fff0e7c     0xc  MK60_ftm.o [1]
    .bss               zero     0x1fff0e88     0xc  MK60_it.o [1]
    .bss               zero     0x1fff0e94     0x4  system_MK60DZ10.o [1]
    .bss               zero     0x1fff0e98     0x4  system_MK60DZ10.o [1]
    .bss               zero     0x1fff0e9c     0x4  system_MK60DZ10.o [1]
    .bss               zero     0x1fff0ea0    0x24  VCAN_FreeCar.o [1]
    .bss               zero     0x1fff0ec4    0x6c  VCAN_FreeCar.o [1]
    .bss               zero     0x1fff0f30   0x100  VCAN_FreeCar.o [1]
    .bss               zero     0x1fff1030     0x4  VCAN_PwmMoto.o [1]
    .bss               zero     0x1fff1034     0x4  VCAN_PwmMoto.o [1]
    .bss               zero     0x1fff1038    0x50  xfiles.o [3]
    .bss               zero     0x1fff1088     0x2  MK60_it.o [1]
    .bss               zero     0x1fff108a     0x2  MK60_it.o [1]
    .bss               zero     0x1fff108c     0x2  MK60_it.o [1]
    .bss               zero     0x1fff108e     0x2  MK60_it.o [1]
    .bss               zero     0x1fff1090     0x2  MK60_it.o [1]
    .bss               zero     0x1fff1092     0x2  MK60_it.o [1]
    .bss               zero     0x1fff1094     0x2  MK60_it.o [1]
    .bss               zero     0x1fff1096     0x2  MK60_it.o [1]
    .bss               zero     0x1fff1098     0x2  MK60_it.o [1]
    .bss               zero     0x1fff109a     0x1  VCAN_FreeCar.o [1]
    .bss               zero     0x1fff109b     0x1  VCAN_FreeCar.o [1]
                              - 0x1fff109c   0x2c4

"P2", part 3 of 3:                            0x88
  P2 s0                         0x1fff109c    0x88  <Init block>
    __DLIB_PERTHREAD   inited   0x1fff109c    0x88  localeconv.o [3]
                              - 0x1fff1124    0x88


*******************************************************************************
*** INIT TABLE
***

          Address     Size
          -------     ----
Zero (__iar_zero_init3)
    1 destination range, total size 0x2c4:
          0x1fff0dd8  0x2c4



*******************************************************************************
*** MODULE SUMMARY
***

    Module                 ro code  rw code  ro data  rw data
    ------                 -------  -------  -------  -------
C:\Users\duoyw\Desktop\·É¿¨\myproject3\competition´´Òâ×é_3_30_15µã47·Ö×óÓÒ100ÆµÂÊ¸Ä±ä¾ùÔÈ\Prj\IAR\DZ10_Debug\Obj: [1]
    CrtlCar.o                  456                          4
    CrtlMoto.o                 964                         84
    MK60_PIT.o                 124               112
    MK60_SysTick.o             100               116
    MK60_conf.o                312             1 948    1 800
    MK60_flash.o                        360      472
    MK60_ftm.o               1 104               124       24
    MK60_gpio.o                412               132       20
    MK60_it.o                  344                         30
    MK60_mcg.o                 948       80      152       72
    MK60_port.o                176                20       20
    MK60_uart.o                816               136       24
    MK60_wdog.o                 64
    VCAN_FreeCar.o           1 240                 2      476
    VCAN_LED.o                 112                 4        4
    VCAN_NVIC.o                 54
    VCAN_PIT.o                  64
    VCAN_PwmMoto.o             700                 8       16
    VCAN_Servo.o               204                 9        9
    VCAN_key.o                 156                10        8
    main.o                      80                          4
    misc.o                      80               108
    startup_MK60DZ10.o           8
    system_MK60DZ10.o          304                         12
    vectors.o                                  1 040
    ---------------------------------------------------------
    Total:                   8 822      440    4 393    2 607

command line: [2]
    ---------------------------------------------------------
    Total:

dl7M_tlf.a: [3]
    div.o                       14
    exit.o                       4
    localeconv.o               108               136      136
    low_level_init.o             4
    printf.o                    36
    putchar.o                   12
    xfiles.o                                      67      144
    xprintflarge_nomb.o      3 058
    xprout.o                    22
    xtls.o                       2
    ---------------------------------------------------------
    Total:                   3 260               203      280

m7M_tl.a: [4]
    DblAdd.o                   232
    DblCmpGe.o                  46
    DblCmpLe.o                  46
    DblDiv.o                   582
    DblMul.o                   418
    DblSub.o                   384
    DblToI32.o                  88
    I32ToDbl.o                  48
    xdnorm.o                    66
    ---------------------------------------------------------
    Total:                   1 910

rt7M_tl.a: [5]
    ABImemcpy_unaligned.o      118
    I64DivMod.o                238
    I64DivZer.o                  2
    XXexit.o                    12
    cexit.o                     10
    cmain.o                     26
    cstartup_M.o                12
    data_init.o                 40
    memchr.o                    88
    strchr.o                    22
    strlen.o                    54
    zero_init3.o                34
    ---------------------------------------------------------
    Total:                     656

    Gaps                        26                          5
    Linker created              24       16       32
-------------------------------------------------------------
    Grand Total:            14 698      456    4 628    2 892


*******************************************************************************
*** ENTRY LIST
***

Entry                      Address   Size  Type      Object
-----                      -------   ----  ----      ------
.bss$$Base              0x1fff0dd8          --   Gb  - Linker created -
.bss$$Limit             0x1fff109c          --   Gb  - Linker created -
.data$$Base             0x1fff0410          --   Gb  - Linker created -
.data$$Limit            0x1fff0c10          --   Gb  - Linker created -
.data_init$$Base        0x00001a0c          --   Gb  - Linker created -
.data_init$$Limit       0x0000220c          --   Gb  - Linker created -
?main                   0x00004a79         Code  Gb  cmain.o [5]
ASSERT_FAILED_STR       0x00004a24   0x24  Data  Gb  MK60_conf.o [1]
CarMove                 0x00002e29  0x1c8  Code  Gb  CrtlCar.o [1]
CodeRelocate$$Base      0x00004010          --   Gb  - Linker created -
CodeRelocate$$Limit     0x000041d8          --   Gb  - Linker created -
CodeRelocateRam$$Base   0x1fff0c10          --   Gb  - Linker created -
CodeRelocateRam$$Limit  0x1fff0dd8          --   Gb  - Linker created -
CountTime               0x1fff0e88    0xc  Data  Gb  MK60_it.o [1]
FTMN                    0x1fff0b18    0xc  Data  Gb  MK60_ftm.o [1]
FTM_port_mux            0x00003805  0x118  Code  Lc  MK60_ftm.o [1]
FreeCarRecDeal          0x00002231  0x252  Code  Gb  VCAN_FreeCar.o [1]
FreeCarsDataNum         0x1fff0bac    0x1  Data  Gb  VCAN_FreeCar.o [1]
GPIOX                   0x1fff0b24   0x14  Data  Gb  MK60_gpio.o [1]
InitCtrDir              0x00003265   0x2c  Code  Gb  VCAN_PwmMoto.o [1]
InitFreeCar             0x0000220d   0x24  Code  Gb  VCAN_FreeCar.o [1]
InitNvic                0x00004625    0xe  Code  Gb  VCAN_NVIC.o [1]
InitPit                 0x000045d5   0x1c  Code  Gb  VCAN_PIT.o [1]
InitPwmMoto             0x000031e9   0x7c  Code  Gb  VCAN_PwmMoto.o [1]
InitServo               0x00004331   0x14  Code  Gb  VCAN_Servo.o [1]
KEY_PTxn                0x1fff0bb0    0x8  Data  Gb  VCAN_key.o [1]
LED_PTxn                0x1fff0bb8    0x4  Data  Gb  VCAN_LED.o [1]
MoveBaseDir_t           0x1fff0e44   0x2c  Data  Gb  CrtlMoto.o [1]
MoveWheel               0x00002a65   0xe4  Code  Gb  CrtlMoto.o [1]
NVIC_DisableIRQ         0x000026ff   0x1a  Code  Lc  MK60_uart.o [1]
NVIC_EnableIRQ          0x000026e5   0x1a  Code  Lc  MK60_uart.o [1]
NVIC_EnableIRQ          0x000045bd   0x18  Code  Lc  VCAN_PIT.o [1]
NVIC_SetPriorityGrouping
                        0x000045fd   0x1e  Code  Lc  VCAN_NVIC.o [1]
NVIC_SystemReset        0x000030b1   0x1a  Code  Lc  MK60_conf.o [1]
PIT0_IRQHandler         0x000041d9  0x128  Code  Gb  MK60_it.o [1]
PORTX                   0x1fff0b80   0x14  Data  Gb  MK60_port.o [1]
Page0_debug             0x00002513   0x1a  Code  Gb  VCAN_FreeCar.o [1]
Page1_debug             0x0000252d    0x2  Code  Gb  VCAN_FreeCar.o [1]
Page2_debug             0x0000252f    0x2  Code  Gb  VCAN_FreeCar.o [1]
Page3_debug             0x00002531    0x2  Code  Gb  VCAN_FreeCar.o [1]
Region$$Table$$Base     0x00004a48          --   Gb  - Linker created -
Region$$Table$$Limit    0x00004a58          --   Gb  - Linker created -
Reset_Handler           0x00000411         Code  Gb  startup_MK60DZ10.o [1]
SerialPortRx            0x1fff0ec4   0x6c  Data  Gb  VCAN_FreeCar.o [1]
ServoPwm                0x1fff0bc4    0x4  Data  Gb  VCAN_Servo.o [1]
SetDutyAndDir           0x00002cdd   0x8a  Code  Gb  CrtlMoto.o [1]
SetLeftPwm_Frequence    0x00003351    0x6  Code  Gb  VCAN_PwmMoto.o [1]
SetPwm_Duty             0x00003291   0xc0  Code  Gb  VCAN_PwmMoto.o [1]
SetRightPwm_Frequence   0x00003357    0x6  Code  Gb  VCAN_PwmMoto.o [1]
SetServoDuty            0x00004345   0x30  Code  Gb  VCAN_Servo.o [1]
StatusFlag_t            0x1fff0e78    0x4  Data  Gb  main.o [1]
StopAll                 0x00002e0d   0x1c  Code  Gb  CrtlMoto.o [1]
StopMove                0x00002d67   0x72  Code  Gb  CrtlMoto.o [1]
TimeChangeFreq          0x0000335d  0x12c  Code  Gb  VCAN_PwmMoto.o [1]
TimeChangeServoPwm      0x00004375   0x7a  Code  Gb  VCAN_Servo.o [1]
TimeCtrMoto             0x00002b49  0x194  Code  Gb  CrtlMoto.o [1]
Tx1Buffer               0x1fff0f30  0x100  Data  Gb  VCAN_FreeCar.o [1]
Tx1Counter              0x1fff109a    0x1  Data  Gb  VCAN_FreeCar.o [1]
UARTN                   0x1fff0b94   0x18  Data  Gb  MK60_uart.o [1]
UartCmd                 0x0000256b   0x90  Code  Gb  VCAN_FreeCar.o [1]
UartData                0x1fff0df8   0x48  Data  Gb  VCAN_FreeCar.o [1]
UartDebug               0x00002533   0x38  Code  Gb  VCAN_FreeCar.o [1]
Uart_Send               0x00002667   0x4a  Code  Gb  VCAN_FreeCar.o [1]
_GenldLargeNoMb         0x00000d8d  0x234  Code  Lc  xprintflarge_nomb.o [3]
_LdtobLargeNoMb         0x00000b09  0x27e  Code  Lc  xprintflarge_nomb.o [3]
_LitobLargeNoMb         0x000009f5  0x10c  Code  Lc  xprintflarge_nomb.o [3]
_Locale_aeabi_lconv     0x1fff10ec   0x38  Data  Gb  localeconv.o [3]
_Locale_lconv           0x1fff109c   0x50  Data  Gb  localeconv.o [3]
_PrintfLargeNoMb        0x00000419  0x5d6  Code  Gb  xprintflarge_nomb.o [3]
_Prout                  0x00004ab5   0x16  Code  Gb  xprout.o [3]
_PutcharsLargeNoMb      0x00000fc1   0x2e  Code  Lc  xprintflarge_nomb.o [3]
__BOOT_STACK_ADDRESS {Abs}
                        0x2000fff8          --   Gb  command line/config [2]
__VECTOR_RAM {Abs}      0x1fff0000          --   Gb  command line/config [2]
__VECTOR_TABLE {Abs}    0x00000000          --   Gb  command line/config [2]
__aeabi_cdcmple         0x0000127d         Code  Gb  DblCmpLe.o [4]
__aeabi_cdrcmple        0x000034a5         Code  Gb  DblCmpGe.o [4]
__aeabi_d2iz            0x00001699         Code  Gb  DblToI32.o [4]
__aeabi_d2uiz           0x000016c5         Code  Gb  DblToI32.o [4]
__aeabi_dadd            0x00001921         Code  Gb  DblAdd.o [4]
__aeabi_ddiv            0x00001451         Code  Gb  DblDiv.o [4]
__aeabi_dmul            0x000012ad         Code  Gb  DblMul.o [4]
__aeabi_dsub            0x00001721         Code  Gb  DblSub.o [4]
__aeabi_i2d             0x000016f1         Code  Gb  I32ToDbl.o [4]
__aeabi_ldiv0           0x0000191d         Code  Gb  I64DivZer.o [5]
__aeabi_ui2d            0x00001705         Code  Gb  I32ToDbl.o [4]
__aeabi_uldivmod        0x000010d5         Code  Gb  I64DivMod.o [5]
__cmain                 0x00004a79         Code  Gb  cmain.o [5]
__code_start__ {Abs}    0x00000410          --   Gb  command line/config [2]
__exit                  0x00004aa9         Code  Gb  XXexit.o [5]
__iar_Dnorm             0x0000123b   0x42  Code  Gb  xdnorm.o [4]
__iar_Locale_lconv_init
                        0x000018a1   0x3a  Code  Gb  localeconv.o [3]
__iar_Memchr            0x0000107d         Code  Gb  memchr.o [5]
__iar_Stdout            0x1fff0bd0   0x40  Data  Gb  xfiles.o [3]
__iar_Strchr            0x0000102d         Code  Gb  strchr.o [5]
__iar_d2uiz             0x000016d1         Code  Gb  DblToI32.o [4]
__iar_dadd              0x00001935         Code  Gb  DblAdd.o [4]
__iar_data_init3        0x000049fd   0x28  Code  Gb  data_init.o [5]
__iar_dlib_perthread_access
                        0x00001a09    0x2  Code  Gb  xtls.o [3]
__iar_dsub              0x00001735         Code  Gb  DblSub.o [4]
__iar_dsubStart         0x00001747         Code  Gb  DblSub.o [4]
__iar_program_start     0x00004aed         Code  Gb  cstartup_M.o [5]
__iar_ui2d              0x00001709         Code  Gb  I32ToDbl.o [4]
__iar_unaligned___aeabi_memcpy
                        0x000011c5         Code  Gb  ABImemcpy_unaligned.o [5]
__iar_unaligned___aeabi_memcpy4
                        0x000011e5         Code  Gb  ABImemcpy_unaligned.o [5]
__iar_unaligned___aeabi_memcpy8
                        0x000011e5         Code  Gb  ABImemcpy_unaligned.o [5]
__iar_zero_init3        0x0000100b   0x22  Code  Gb  zero_init3.o [5]
__low_level_init        0x00004a93    0x4  Code  Gb  low_level_init.o [3]
__vector_table          0x00000000  0x410  Data  Gb  vectors.o [1]
_call_main              0x00004a85         Code  Gb  cmain.o [5]
_exit                   0x00004a9d         Code  Gb  cexit.o [5]
_main                   0x00004a8f         Code  Gb  cmain.o [5]
assert_failed           0x000030cb   0x26  Code  Gb  MK60_conf.o [1]
bus_clk_khz             0x1fff0e9c    0x4  Data  Gb  system_MK60DZ10.o [1]
carSpeed                0x1fff0e40    0x4  Data  Gb  CrtlCar.o [1]
common_startup          0x0000445b   0x98  Code  Gb  system_MK60DZ10.o [1]
core_clk_khz            0x1fff0e94    0x4  Data  Gb  system_MK60DZ10.o [1]
core_clk_mhz            0x1fff0e98    0x4  Data  Gb  system_MK60DZ10.o [1]
count1                  0x1fff109b    0x1  Data  Gb  VCAN_FreeCar.o [1]
currentLeftPwmFreq      0x1fff0bbc    0x4  Data  Gb  VCAN_PwmMoto.o [1]
currentRightPwmFreq     0x1fff0bc0    0x4  Data  Gb  VCAN_PwmMoto.o [1]
currentServoPwm         0x1fff0bc8    0x4  Data  Gb  VCAN_Servo.o [1]
default_isr             0x0000319f   0x2a  Code  Gb  MK60_conf.o [1]
div                     0x0000190d    0xe  Code  Gb  div.o [3]
exit                    0x00004a97    0x4  Code  Gb  exit.o [3]
flash_cmd               0x1fff0c21   0x20  Code  Gb  MK60_flash.o [1]
flash_erase_sector      0x1fff0c71   0x58  Code  Gb  MK60_flash.o [1]
flash_init              0x1fff0c41   0x30  Code  Gb  MK60_flash.o [1]
flash_write             0x1fff0cc9   0x8e  Code  Gb  MK60_flash.o [1]
fputc                   0x000030f1   0x14  Code  Gb  MK60_conf.o [1]
ftm_mod                 0x1fff0e7c    0xc  Data  Lc  MK60_ftm.o [1]
ftm_pwm_duty            0x00003aa7   0xe8  Code  Gb  MK60_ftm.o [1]
ftm_pwm_freq            0x00003b8f   0xac  Code  Gb  MK60_ftm.o [1]
ftm_pwm_init            0x0000391d  0x18a  Code  Gb  MK60_ftm.o [1]
gpio_get                0x0000362d   0x3a  Code  Gb  MK60_gpio.o [1]
gpio_init               0x000034d5   0xae  Code  Gb  MK60_gpio.o [1]
gpio_set                0x00003583   0x72  Code  Gb  MK60_gpio.o [1]
gpio_turn               0x000035f5   0x38  Code  Gb  MK60_gpio.o [1]
isServoMoveOk           0x1fff0bcc    0x1  Data  Gb  VCAN_Servo.o [1]
key_check               0x000037d5   0x2a  Code  Gb  VCAN_key.o [1]
key_get                 0x000037bb   0x1a  Code  Gb  VCAN_key.o [1]
key_init                0x00003769   0x52  Code  Gb  VCAN_key.o [1]
led_init                0x00003671   0x3a  Code  Gb  VCAN_LED.o [1]
led_turn                0x000036ab   0x32  Code  Gb  VCAN_LED.o [1]
localeconv              0x000018db   0x16  Code  Gb  localeconv.o [3]
main                    0x0000456d   0x26  Code  Gb  main.o [1]
mcg_cfg                 0x1fff0b38   0x44  Data  Gb  MK60_mcg.o [1]
mcg_div                 0x1fff0b7c    0x4  Data  Gb  MK60_mcg.o [1]
mcg_div_count           0x00003c5d  0x2e6  Code  Gb  MK60_mcg.o [1]
memchr                  0x0000107d         Code  Gb  memchr.o [5]
obuf                    0x1fff1038   0x50  Data  Lc  xfiles.o [3]
pit_init                0x00004635   0x6c  Code  Gb  MK60_PIT.o [1]
pll_init                0x00003f43   0xb2  Code  Gb  MK60_mcg.o [1]
port_init               0x00002ff1   0x44  Code  Gb  MK60_port.o [1]
port_init_NoALT         0x00003035   0x62  Code  Gb  MK60_port.o [1]
printf                  0x000036e1   0x24  Code  Gb  printf.o [3]
push                    0x00002483   0x30  Code  Gb  VCAN_FreeCar.o [1]
putchar                 0x00004acd    0xc  Code  Gb  putchar.o [3]
sendDataToScope         0x000024b3   0x60  Code  Gb  VCAN_FreeCar.o [1]
setLeftPwmFreq          0x1fff1030    0x4  Data  Gb  VCAN_PwmMoto.o [1]
setRightPwmFreq         0x1fff1034    0x4  Data  Gb  VCAN_PwmMoto.o [1]
set_sys_dividers        0x1fff0d89   0x50  Code  Gb  MK60_mcg.o [1]
set_vector_handler      0x00002a37   0x22  Code  Gb  misc.o [1]
start                   0x000043fd   0x22  Code  Gb  system_MK60DZ10.o [1]
start_check             0x00003105   0x9a  Code  Gb  MK60_conf.o [1]
strchr                  0x0000102d         Code  Gb  strchr.o [5]
strlen                  0x00001045         Code  Gb  strlen.o [5]
sysinit                 0x0000441f   0x3c  Code  Gb  system_MK60DZ10.o [1]
systick_delay           0x00003705   0x36  Code  Gb  MK60_SysTick.o [1]
systick_delay_ms        0x0000373b   0x18  Code  Gb  MK60_SysTick.o [1]
test2                   0x00004593   0x24  Code  Gb  main.o [1]
uSendBuf                0x1fff0ea0   0x24  Data  Gb  VCAN_FreeCar.o [1]
uart4_handler           0x000025fd   0x6a  Code  Gb  VCAN_FreeCar.o [1]
uart_getchar            0x00002931   0x1e  Code  Gb  MK60_uart.o [1]
uart_init               0x00002719  0x218  Code  Gb  MK60_uart.o [1]
uart_putchar            0x0000294f   0x1a  Code  Gb  MK60_uart.o [1]
uart_rx_irq_en          0x00002969   0x2a  Code  Gb  MK60_uart.o [1]
uart_tx_irq_dis         0x000029bd   0x38  Code  Gb  MK60_uart.o [1]
uart_tx_irq_en          0x00002993   0x2a  Code  Gb  MK60_uart.o [1]
uratn                   0x1fff0bad    0x1  Data  Gb  VCAN_FreeCar.o [1]
vector_str              0x1fff0410  0x708  Data  Gb  MK60_conf.o [1]
wdog_disable            0x0000452d   0x16  Code  Gb  MK60_wdog.o [1]
wdog_unlock             0x00004543   0x20  Code  Lc  MK60_wdog.o [1]
write_vtor              0x00002a15   0x22  Code  Gb  misc.o [1]


[1] = C:\Users\duoyw\Desktop\·É¿¨\myproject3\competition´´Òâ×é_3_30_15µã47·Ö×óÓÒ100ÆµÂÊ¸Ä±ä¾ùÔÈ\Prj\IAR\DZ10_Debug\Obj
[2] = command line
[3] = dl7M_tlf.a
[4] = m7M_tl.a
[5] = rt7M_tl.a

  14 698 bytes of readonly  code memory
     456 bytes of readwrite code memory
   4 628 bytes of readonly  data memory
   2 892 bytes of readwrite data memory

Errors: none
Warnings: none
