###############################################################################
#                                                                             #
# IAR ELF Linker V6.70.1.5641/W32 for ARM               09/Mar/2018  16:33:56 #
# Copyright 2007-2013 IAR Systems AB.                                         #
#                                                                             #
#    Output file  =  C:\Users\duoyw\Desktop\飞卡\myproject\competition0v7725_ #
#                    3_8_19点20分C车图像处理修改\Prj\IAR\DZ10_Release\Exe\vca #
#                    n_Kinetis.out                                            #
#    Map file     =  C:\Users\duoyw\Desktop\飞卡\myproject\competition0v7725_ #
#                    3_8_19点20分C车图像处理修改\Prj\IAR\DZ10_Release\List\vc #
#                    an_Kinetis.map                                           #
#    Command line =  C:\Users\duoyw\Desktop\飞卡\myproject\competition0v7725_ #
#                    3_8_19点20分C车图像处理修改\Prj\IAR\DZ10_Release\Obj\ctr #
#                    l_basic.o C:\Users\duoyw\Desktop\飞卡\myproject\competit #
#                    ion0v7725_3_8_19点20分C车图像处理修改\Prj\IAR\DZ10_Relea #
#                    se\Obj\ctrl_control.o C:\Users\duoyw\Desktop\飞卡\myproj #
#                    ect\competition0v7725_3_8_19点20分C车图像处理修改\Prj\IA #
#                    R\DZ10_Release\Obj\ctrl_pid.o                            #
#                    C:\Users\duoyw\Desktop\飞卡\myproject\competition0v7725_ #
#                    3_8_19点20分C车图像处理修改\Prj\IAR\DZ10_Release\Obj\fuz #
#                    zy.o C:\Users\duoyw\Desktop\飞卡\myproject\competition0v #
#                    7725_3_8_19点20分C车图像处理修改\Prj\IAR\DZ10_Release\Ob #
#                    j\increPid.o C:\Users\duoyw\Desktop\飞卡\myproject\compe #
#                    tition0v7725_3_8_19点20分C车图像处理修改\Prj\IAR\DZ10_Re #
#                    lease\Obj\main.o C:\Users\duoyw\Desktop\飞卡\myproject\c #
#                    ompetition0v7725_3_8_19点20分C车图像处理修改\Prj\IAR\DZ1 #
#                    0_Release\Obj\misc.o C:\Users\duoyw\Desktop\飞卡\myproje #
#                    ct\competition0v7725_3_8_19点20分C车图像处理修改\Prj\IAR #
#                    \DZ10_Release\Obj\MK60_adc.o                             #
#                    C:\Users\duoyw\Desktop\飞卡\myproject\competition0v7725_ #
#                    3_8_19点20分C车图像处理修改\Prj\IAR\DZ10_Release\Obj\MK6 #
#                    0_conf.o C:\Users\duoyw\Desktop\飞卡\myproject\competiti #
#                    on0v7725_3_8_19点20分C车图像处理修改\Prj\IAR\DZ10_Releas #
#                    e\Obj\MK60_dac.o C:\Users\duoyw\Desktop\飞卡\myproject\c #
#                    ompetition0v7725_3_8_19点20分C车图像处理修改\Prj\IAR\DZ1 #
#                    0_Release\Obj\MK60_dma.o C:\Users\duoyw\Desktop\飞卡\myp #
#                    roject\competition0v7725_3_8_19点20分C车图像处理修改\Prj #
#                    \IAR\DZ10_Release\Obj\MK60_DWT.o                         #
#                    C:\Users\duoyw\Desktop\飞卡\myproject\competition0v7725_ #
#                    3_8_19点20分C车图像处理修改\Prj\IAR\DZ10_Release\Obj\MK6 #
#                    0_flash.o C:\Users\duoyw\Desktop\飞卡\myproject\competit #
#                    ion0v7725_3_8_19点20分C车图像处理修改\Prj\IAR\DZ10_Relea #
#                    se\Obj\MK60_ftm.o C:\Users\duoyw\Desktop\飞卡\myproject\ #
#                    competition0v7725_3_8_19点20分C车图像处理修改\Prj\IAR\DZ #
#                    10_Release\Obj\MK60_gpio.o C:\Users\duoyw\Desktop\飞卡\m #
#                    yproject\competition0v7725_3_8_19点20分C车图像处理修改\P #
#                    rj\IAR\DZ10_Release\Obj\MK60_i2c.o                       #
#                    C:\Users\duoyw\Desktop\飞卡\myproject\competition0v7725_ #
#                    3_8_19点20分C车图像处理修改\Prj\IAR\DZ10_Release\Obj\MK6 #
#                    0_it.o C:\Users\duoyw\Desktop\飞卡\myproject\competition #
#                    0v7725_3_8_19点20分C车图像处理修改\Prj\IAR\DZ10_Release\ #
#                    Obj\MK60_lptmr.o C:\Users\duoyw\Desktop\飞卡\myproject\c #
#                    ompetition0v7725_3_8_19点20分C车图像处理修改\Prj\IAR\DZ1 #
#                    0_Release\Obj\MK60_mcg.o C:\Users\duoyw\Desktop\飞卡\myp #
#                    roject\competition0v7725_3_8_19点20分C车图像处理修改\Prj #
#                    \IAR\DZ10_Release\Obj\MK60_PIT.o                         #
#                    C:\Users\duoyw\Desktop\飞卡\myproject\competition0v7725_ #
#                    3_8_19点20分C车图像处理修改\Prj\IAR\DZ10_Release\Obj\MK6 #
#                    0_port.o C:\Users\duoyw\Desktop\飞卡\myproject\competiti #
#                    on0v7725_3_8_19点20分C车图像处理修改\Prj\IAR\DZ10_Releas #
#                    e\Obj\MK60_rtc.o C:\Users\duoyw\Desktop\飞卡\myproject\c #
#                    ompetition0v7725_3_8_19点20分C车图像处理修改\Prj\IAR\DZ1 #
#                    0_Release\Obj\MK60_spi.o C:\Users\duoyw\Desktop\飞卡\myp #
#                    roject\competition0v7725_3_8_19点20分C车图像处理修改\Prj #
#                    \IAR\DZ10_Release\Obj\MK60_SysTick.o                     #
#                    C:\Users\duoyw\Desktop\飞卡\myproject\competition0v7725_ #
#                    3_8_19点20分C车图像处理修改\Prj\IAR\DZ10_Release\Obj\MK6 #
#                    0_uart.o C:\Users\duoyw\Desktop\飞卡\myproject\competiti #
#                    on0v7725_3_8_19点20分C车图像处理修改\Prj\IAR\DZ10_Releas #
#                    e\Obj\MK60_wdog.o C:\Users\duoyw\Desktop\飞卡\myproject\ #
#                    competition0v7725_3_8_19点20分C车图像处理修改\Prj\IAR\DZ #
#                    10_Release\Obj\startup_MK60DZ10.o                        #
#                    C:\Users\duoyw\Desktop\飞卡\myproject\competition0v7725_ #
#                    3_8_19点20分C车图像处理修改\Prj\IAR\DZ10_Release\Obj\sys #
#                    tem_MK60DZ10.o C:\Users\duoyw\Desktop\飞卡\myproject\com #
#                    petition0v7725_3_8_19点20分C车图像处理修改\Prj\IAR\DZ10_ #
#                    Release\Obj\VCAN_camera.o C:\Users\duoyw\Desktop\飞卡\my #
#                    project\competition0v7725_3_8_19点20分C车图像处理修改\Pr #
#                    j\IAR\DZ10_Release\Obj\VCAN_computer.o                   #
#                    C:\Users\duoyw\Desktop\飞卡\myproject\competition0v7725_ #
#                    3_8_19点20分C车图像处理修改\Prj\IAR\DZ10_Release\Obj\VCA #
#                    N_Encoder.o C:\Users\duoyw\Desktop\飞卡\myproject\compet #
#                    ition0v7725_3_8_19点20分C车图像处理修改\Prj\IAR\DZ10_Rel #
#                    ease\Obj\VCAN_FreeCar.o C:\Users\duoyw\Desktop\飞卡\mypr #
#                    oject\competition0v7725_3_8_19点20分C车图像处理修改\Prj\ #
#                    IAR\DZ10_Release\Obj\VCAN_ImageDeal.o                    #
#                    C:\Users\duoyw\Desktop\飞卡\myproject\competition0v7725_ #
#                    3_8_19点20分C车图像处理修改\Prj\IAR\DZ10_Release\Obj\VCA #
#                    N_key.o C:\Users\duoyw\Desktop\飞卡\myproject\competitio #
#                    n0v7725_3_8_19点20分C车图像处理修改\Prj\IAR\DZ10_Release #
#                    \Obj\VCAN_LED.o C:\Users\duoyw\Desktop\飞卡\myproject\co #
#                    mpetition0v7725_3_8_19点20分C车图像处理修改\Prj\IAR\DZ10 #
#                    _Release\Obj\VCAN_MyMath.o C:\Users\duoyw\Desktop\飞卡\m #
#                    yproject\competition0v7725_3_8_19点20分C车图像处理修改\P #
#                    rj\IAR\DZ10_Release\Obj\VCAN_NVIC.o                      #
#                    C:\Users\duoyw\Desktop\飞卡\myproject\competition0v7725_ #
#                    3_8_19点20分C车图像处理修改\Prj\IAR\DZ10_Release\Obj\VCA #
#                    N_OV7725.o C:\Users\duoyw\Desktop\飞卡\myproject\competi #
#                    tion0v7725_3_8_19点20分C车图像处理修改\Prj\IAR\DZ10_Rele #
#                    ase\Obj\VCAN_PIT.o C:\Users\duoyw\Desktop\飞卡\myproject #
#                    \competition0v7725_3_8_19点20分C车图像处理修改\Prj\IAR\D #
#                    Z10_Release\Obj\VCAN_PwmMoto.o                           #
#                    C:\Users\duoyw\Desktop\飞卡\myproject\competition0v7725_ #
#                    3_8_19点20分C车图像处理修改\Prj\IAR\DZ10_Release\Obj\VCA #
#                    N_SCCB.o C:\Users\duoyw\Desktop\飞卡\myproject\competiti #
#                    on0v7725_3_8_19点20分C车图像处理修改\Prj\IAR\DZ10_Releas #
#                    e\Obj\VCAN_Servo.o C:\Users\duoyw\Desktop\飞卡\myproject #
#                    \competition0v7725_3_8_19点20分C车图像处理修改\Prj\IAR\D #
#                    Z10_Release\Obj\VCAN_Track.o                             #
#                    C:\Users\duoyw\Desktop\飞卡\myproject\competition0v7725_ #
#                    3_8_19点20分C车图像处理修改\Prj\IAR\DZ10_Release\Obj\VCA #
#                    N_UART.o C:\Users\duoyw\Desktop\飞卡\myproject\competiti #
#                    on0v7725_3_8_19点20分C车图像处理修改\Prj\IAR\DZ10_Releas #
#                    e\Obj\vectors.o --redirect _Printf=_PrintfLargeNoMb      #
#                    --redirect _Scanf=_ScanfLargeNoMb -o                     #
#                    C:\Users\duoyw\Desktop\飞卡\myproject\competition0v7725_ #
#                    3_8_19点20分C车图像处理修改\Prj\IAR\DZ10_Release\Exe\vca #
#                    n_Kinetis.out --map C:\Users\duoyw\Desktop\飞卡\myprojec #
#                    t\competition0v7725_3_8_19点20分C车图像处理修改\Prj\IAR\ #
#                    DZ10_Release\List\vcan_Kinetis.map --config              #
#                    "C:\Users\duoyw\Desktop\飞卡\myproject\competition0v7725 #
#                    _3_8_19点20分C车图像处理修改\Prj\IAR\config              #
#                    files\vcan_ROM_K60N512.icf"                              #
#                    C:\Users\duoyw\Desktop\飞卡\myproject\competition0v7725_ #
#                    3_8_19点20分C车图像处理修改\Prj\IAR\..\..\Lib\CMSIS\iar_ #
#                    cortexM4l_math.a --entry __iar_program_start --redirect  #
#                    __write=__write_buffered --inline --vfe                  #
#                                                                             #
#                                                                             #
###############################################################################

*******************************************************************************
*** RUNTIME MODEL ATTRIBUTES
***

CppFlavor       = *
__SystemLibrary = DLib


*******************************************************************************
*** PLACEMENT SUMMARY
***

"A1":  place at 0x00000000 { ro section .intvec };
"A2":  place at 0x00000410 { ro section .noinit };
"P1":  place in [from 0x00000000 to 0x00080000] { ro, block CodeRelocate };
"P2":  place in [from 0x1fff0410 to 0x20010000] {
          rw, block CodeRelocateRam, block CSTACK, block HEAP };

  Section              Kind        Address     Size  Object
  -------              ----        -------     ----  ------
"A1":                                         0x410
  .intvec              const    0x00000000    0x410  vectors.o [1]
                              - 0x00000410    0x410

"P1", part 1 of 2:                              0x0
  .rodata              const    0x00000410      0x0  zero_init3.o [5]

"A2":                                           0x8
  .noinit              ro code  0x00000410      0x8  startup_MK60DZ10.o [1]
                              - 0x00000418      0x8

"P1", part 2 of 2:                           0x3904
  .text                ro code  0x00000418    0x454  fuzzy.o [1]
  .text                ro code  0x0000086c     0x2e  DblCmpGe.o [4]
  .text                ro code  0x0000089a     0x22  zero_init3.o [5]
  .text                ro code  0x000008bc     0x2e  DblCmpLe.o [4]
  .text                ro code  0x000008ec    0x180  DblSub.o [4]
  .text                ro code  0x00000a6c     0x2c  I32ToDbl.o [4]
  .text                ro code  0x00000a98    0x246  DblDiv.o [4]
  .text                ro code  0x00000ce0    0x1a2  DblMul.o [4]
  .text                ro code  0x00000e84     0xe8  DblAdd.o [4]
  .text                ro code  0x00000f6c    0x430  VCAN_SCCB.o [1]
  .text                ro code  0x0000139c     0x80  MK60_gpio.o [1]
  .text                ro code  0x0000141c     0x74  MK60_port.o [1]
  .data_init                    0x00001490    0x3e8  <Block>
    Initializer bytes  ro data  0x00001490    0x3e8  <for .data-1>
  .text                ro code  0x00001878    0x2a4  xexp.o [4]
  .text                ro code  0x00001b1c     0x32  xdtest.o [4]
  .text                ro code  0x00001b50     0x20  DblCmpEq.o [4]
  .text                ro code  0x00001b70      0xc  errno.o [3]
  .text                ro code  0x00001b7c    0x10c  xdscale.o [4]
  .text                ro code  0x00001c88     0x4c  DblToI32.o [4]
  .text                ro code  0x00001cd4      0x2  xtls.o [3]
  .text                ro code  0x00001cd6     0x42  xdnorm.o [4]
  .text                ro code  0x00001d18    0x29e  ctrl_pid.o [1]
  .text                ro code  0x00001fb8    0x146  ctrl_basic.o [1]
  .text                ro code  0x00002100     0xe6  FltSub.o [4]
  .text                ro code  0x000021e8     0x24  FltCmpGe.o [4]
  .text                ro code  0x0000220c     0x24  FltCmpLe.o [4]
  .text                ro code  0x00002230     0x84  FltAdd.o [4]
  .text                ro code  0x000022b4     0x44  FltToS32.o [4]
  .text                ro code  0x000022f8     0xd8  FltMul.o [4]
  .text                ro code  0x000023d0     0x90  DblToFlt.o [4]
  .text                ro code  0x00002460     0x66  ABImemset.o [5]
  .text                ro code  0x000024c8     0x4e  FltToDbl.o [4]
  .text                ro code  0x00002518    0x250  VCAN_FreeCar.o [1]
  .text                ro code  0x00002768    0x1e8  MK60_uart.o [1]
  .text                ro code  0x00002950     0x18  misc.o [1]
  .text                ro code  0x00002968     0xc8  VCAN_PwmMoto.o [1]
  .text                ro code  0x00002a30    0x220  MK60_ftm.o [1]
  .text                ro code  0x00002c50    0x22c  VCAN_Track.o [1]
  .text                ro code  0x00002e7c     0x74  VCAN_LED.o [1]
  .text                ro code  0x00002ef0     0x1c  FltCmpEq.o [4]
  .text                ro code  0x00002f0c     0x32  I32ToFlt.o [4]
  .text                ro code  0x00002f40    0x170  VCAN_Servo.o [1]
  .text                ro code  0x000030b0     0xfc  FltDiv.o [4]
  .text                ro code  0x000031ac     0x54  exp.o [4]
  Veneer               ro code  0x00003200      0x8  - Linker created -
  .text                ro code  0x00003208    0x1b4  MK60_mcg.o [1]
  .text                ro code  0x000033bc    0x140  VCAN_OV7725.o [1]
  .text                ro code  0x000034fc     0x34  MK60_SysTick.o [1]
  .text                ro code  0x00003530    0x100  MK60_dma.o [1]
  .text                ro code  0x00003630     0xf6  increPid.o [1]
  .text                ro code  0x00003728     0xe4  MK60_it.o [1]
  .text                ro code  0x0000380c     0x56  VCAN_Encoder.o [1]
  .text                ro code  0x00003864     0xc0  ctrl_control.o [1]
  .text                ro code  0x00003924     0x80  MK60_lptmr.o [1]
  .text                ro code  0x000039a4     0xcc  system_MK60DZ10.o [1]
  .text                ro code  0x00003a70     0x2c  MK60_wdog.o [1]
  .text                ro code  0x00003a9c     0x40  main.o [1]
  .text                ro code  0x00003adc     0x76  ABImemcpy_unaligned.o [5]
  .text                ro code  0x00003b54      0x6  ABImemclr.o [5]
  .text                ro code  0x00003b5c     0x2c  VCAN_PIT.o [1]
  .text                ro code  0x00003b88     0x34  VCAN_NVIC.o [1]
  .text                ro code  0x00003bbc     0x64  VCAN_UART.o [1]
  .text                ro code  0x00003c20     0x3c  MK60_PIT.o [1]
  CodeRelocate                  0x00003c5c     0x3c  <Block>
    Initializer bytes  ro data  0x00003c5c     0x3c  <for CodeRelocateRam-1>
  .text                ro code  0x00003c98     0x28  data_init.o [5]
  .iar.init_table      const    0x00003cc0     0x10  - Linker created -
  .text                ro code  0x00003cd0     0x1a  cmain.o [5]
  .text                ro code  0x00003cea      0x4  exit.o [3]
  .text                ro code  0x00003cf0      0xa  cexit.o [5]
  .text                ro code  0x00003cfc      0xc  XXexit.o [5]
  .text                ro code  0x00003d08      0xc  cstartup_M.o [5]
  .text                ro code  0x00003d14      0x4  MK60_conf.o [1]
  Initializer bytes    ro data  0x00003d18      0x4  <for P2 s0>
                              - 0x00003d1c   0x3904

"P2", part 1 of 3:                            0x428
  .data                         0x1fff0410    0x3e8  <Block>
    .data-1                     0x1fff0410    0x3e7  <Init block>
      .data            inited   0x1fff0410      0x2  ctrl_control.o [1]
      .data            inited   0x1fff0418     0xd0  fuzzy.o [1]
      .data            inited   0x1fff04e8     0x18  MK60_ftm.o [1]
      .data            inited   0x1fff0500     0x14  MK60_gpio.o [1]
      .data            inited   0x1fff0514     0x44  MK60_mcg.o [1]
      .data            inited   0x1fff0558      0x4  MK60_mcg.o [1]
      .data            inited   0x1fff055c     0x14  MK60_port.o [1]
      .data            inited   0x1fff0570     0x18  MK60_uart.o [1]
      .data            inited   0x1fff0588      0x4  VCAN_LED.o [1]
      .data            inited   0x1fff058c      0x8  VCAN_OV7725.o [1]
      .data            inited   0x1fff0594     0x65  VCAN_OV7725.o [1]
      .data            inited   0x1fff05fc     0xc8  VCAN_Track.o [1]
      .data            inited   0x1fff06c4     0xc8  VCAN_Track.o [1]
      .data            inited   0x1fff0790     0x64  VCAN_Track.o [1]
      .data            inited   0x1fff07f4      0x3  VCAN_UART.o [1]
  CodeRelocateRam               0x1fff07f8     0x3c  <Block>
    CodeRelocateRam-1           0x1fff07f8     0x3c  <Init block>
      .textrw          inited   0x1fff07f8     0x3c  MK60_mcg.o [1]
                              - 0x1fff0834    0x424

"P2", part 2 of 3:                          0x158c0
  .bss                          0x1fff0838  0x158bf  <Block>
    .bss               zero     0x1fff0838     0x48  VCAN_FreeCar.o [1]
    .bss               zero     0x1fff0880    0x320  VCAN_Servo.o [1]
    .bss               zero     0x1fff0ba0     0x50  ctrl_basic.o [1]
    .bss               zero     0x1fff0bf0     0x10  ctrl_control.o [1]
    .bss               zero     0x1fff0c00    0x1bc  ctrl_pid.o [1]
    .bss               zero     0x1fff0dbc      0xc  system_MK60DZ10.o [1]
    .bss               zero     0x1fff0dc8      0x4  VCAN_Encoder.o [1]
    .bss               zero     0x1fff0dcc      0x4  VCAN_Encoder.o [1]
    .bss               zero     0x1fff0dd0     0x24  VCAN_FreeCar.o [1]
    .bss               zero     0x1fff0df4     0x6c  VCAN_FreeCar.o [1]
    .bss               zero     0x1fff0e60      0xc  VCAN_ImageDeal.o [1]
    .bss               zero     0x1fff0e6c  0x15180  VCAN_OV7725.o [1]
    .bss               zero     0x20005fec    0x100  VCAN_UART.o [1]
    .bss               zero     0x200060ec      0xa  MK60_it.o [1]
    .bss               zero     0x200060f6      0x1  main.o [1]
                              - 0x200060f7  0x158bf

"P2", part 3 of 3:                              0x4
  P2 s0                         0x200060f8      0x4  <Init block>
    __DLIB_PERTHREAD   inited   0x200060f8      0x4  errno.o [3]
                              - 0x200060fc      0x4


*******************************************************************************
*** INIT TABLE
***

          Address     Size
          -------     ----
Zero (__iar_zero_init3)
    1 destination range, total size 0x158bf:
          0x1fff0838  0x158bf



*******************************************************************************
*** MODULE SUMMARY
***

    Module                 ro code  rw code  ro data  rw data
    ------                 -------  -------  -------  -------
C:\Users\duoyw\Desktop\飞卡\myproject\competition0v7725_3_8_19点20分C车图像处理修改\Prj\IAR\DZ10_Release\Obj: [1]
    MK60_PIT.o                  60
    MK60_SysTick.o              52
    MK60_conf.o                  4
    MK60_dma.o                 256
    MK60_ftm.o                 544                24       24
    MK60_gpio.o                128                20       20
    MK60_it.o                  228                         10
    MK60_lptmr.o               128
    MK60_mcg.o                 436       60      132       72
    MK60_port.o                116                20       20
    MK60_uart.o                488                24       24
    MK60_wdog.o                 44
    VCAN_Encoder.o              86                          8
    VCAN_FreeCar.o             592                        216
    VCAN_ImageDeal.o                                       12
    VCAN_LED.o                 116                 4        4
    VCAN_NVIC.o                 52
    VCAN_OV7725.o              320               109   86 509
    VCAN_PIT.o                  44
    VCAN_PwmMoto.o             200
    VCAN_SCCB.o              1 072
    VCAN_Servo.o               368                        800
    VCAN_Track.o               556               507      500
    VCAN_UART.o                100                 3      259
    ctrl_basic.o               326                         80
    ctrl_control.o             192                 2       18
    ctrl_pid.o                 670                        444
    fuzzy.o                  1 108               214      208
    increPid.o                 246
    main.o                      64                          1
    misc.o                      24
    startup_MK60DZ10.o           8
    system_MK60DZ10.o          204                         12
    vectors.o                                  1 040
    ---------------------------------------------------------
    Total:                   8 832       60    2 099   89 241

command line: [2]
    ---------------------------------------------------------
    Total:

dl7M_tlf.a: [3]
    errno.o                     12                 4        4
    exit.o                       4
    xtls.o                       2
    ---------------------------------------------------------
    Total:                      18                 4        4

m7M_tl.a: [4]
    DblAdd.o                   232
    DblCmpEq.o                  32
    DblCmpGe.o                  46
    DblCmpLe.o                  46
    DblDiv.o                   582
    DblMul.o                   418
    DblSub.o                   384
    DblToFlt.o                 144
    DblToI32.o                  76
    FltAdd.o                   132
    FltCmpEq.o                  28
    FltCmpGe.o                  36
    FltCmpLe.o                  36
    FltDiv.o                   252
    FltMul.o                   216
    FltSub.o                   230
    FltToDbl.o                  78
    FltToS32.o                  68
    I32ToDbl.o                  44
    I32ToFlt.o                  50
    exp.o                       84
    xdnorm.o                    66
    xdscale.o                  268
    xdtest.o                    50
    xexp.o                     676
    ---------------------------------------------------------
    Total:                   4 274

rt7M_tl.a: [5]
    ABImemclr.o                  6
    ABImemcpy_unaligned.o      118
    ABImemset.o                102
    XXexit.o                    12
    cexit.o                     10
    cmain.o                     26
    cstartup_M.o                12
    data_init.o                 40
    zero_init3.o                34
    ---------------------------------------------------------
    Total:                     360

    Gaps                        32                         13
    Linker created               8                17
-------------------------------------------------------------
    Grand Total:            13 524       60    2 120   89 258


*******************************************************************************
*** ENTRY LIST
***

Entry                      Address     Size  Type      Object
-----                      -------     ----  ----      ------
.bss$$Base              0x1fff0838            --   Gb  - Linker created -
.bss$$Limit             0x200060f7            --   Gb  - Linker created -
.data$$Base             0x1fff0410            --   Gb  - Linker created -
.data$$Limit            0x1fff07f8            --   Gb  - Linker created -
.data_init$$Base        0x00001490            --   Gb  - Linker created -
.data_init$$Limit       0x00001878            --   Gb  - Linker created -
?main                   0x00003cd1           Code  Gb  cmain.o [5]
Abs                     0x00001fcb     0x10  Code  Gb  ctrl_basic.o [1]
CarSpeedSet             0x1fff07c4      0x4  Data  Gb  VCAN_Track.o [1]
ChangePidAccordingToError
                        0x000038bf     0x40  Code  Gb  ctrl_control.o [1]
CodeRelocate$$Base      0x00003c5c            --   Gb  - Linker created -
CodeRelocate$$Limit     0x00003c98            --   Gb  - Linker created -
CodeRelocateRam$$Base   0x1fff07f8            --   Gb  - Linker created -
CodeRelocateRam$$Limit  0x1fff0834            --   Gb  - Linker created -
Constraint_By_Abs       0x00001fdb     0x2e  Code  Gb  ctrl_basic.o [1]
DMA0_IRQHandler         0x00003809      0x4  Code  Gb  MK60_it.o [1]
DataFilter              0x00002009     0x88  Code  Gb  ctrl_basic.o [1]
Data_Quick_Sort         0x00002099     0x66  Code  Gb  ctrl_basic.o [1]
Dof_PID_Init_Similar_Parameter
                        0x00001f71     0x46  Code  Lc  ctrl_pid.o [1]
Dof_PID_Update_Calculate
                        0x00001dbf     0x3c  Code  Gb  ctrl_pid.o [1]
EN_Track                0x1fff0410      0x1  Data  Gb  ctrl_control.o [1]
En_Update_PID           0x1fff0411      0x1  Data  Gb  ctrl_control.o [1]
FTMN                    0x1fff04e8      0xc  Data  Gb  MK60_ftm.o [1]
FTM_port_mux            0x00002a31     0xac  Code  Lc  MK60_ftm.o [1]
Fill_Mem                0x00001fc1      0xa  Code  Gb  ctrl_basic.o [1]
FreeCarRecDeal          0x0000253d    0x12a  Code  Gb  VCAN_FreeCar.o [1]
FuzzySpeedValue         0x1fff07c0      0x4  Data  Gb  VCAN_Track.o [1]
GPIOX                   0x1fff0500     0x14  Data  Gb  MK60_gpio.o [1]
GetLeftSpeed            0x0000382f     0x14  Code  Gb  VCAN_Encoder.o [1]
GetRecordValueX         0x00002dcb     0x2a  Code  Gb  VCAN_Track.o [1]
GetRightSpeed           0x00003843     0x20  Code  Gb  VCAN_Encoder.o [1]
InitEncoder             0x0000380d     0x22  Code  Gb  VCAN_Encoder.o [1]
InitFreeCar             0x00002519     0x24  Code  Gb  VCAN_FreeCar.o [1]
InitNvic                0x00003b89     0x34  Code  Gb  VCAN_NVIC.o [1]
InitPit                 0x00003b5d     0x2c  Code  Gb  VCAN_PIT.o [1]
InitPwmMoto             0x00002969     0x3a  Code  Gb  VCAN_PwmMoto.o [1]
InitServo               0x00002f41      0xe  Code  Gb  VCAN_Servo.o [1]
InitUart                0x00003bbd      0x4  Code  Gb  VCAN_UART.o [1]
LED_PTxn                0x1fff0588      0x4  Data  Gb  VCAN_LED.o [1]
Last_Sample             0x1fff07b8      0x4  Data  Gb  VCAN_Track.o [1]
LightDir                0x1fff07c8     0x2c  Data  Gb  VCAN_Track.o [1]
Light_t                 0x1fff0e60      0xc  Data  Gb  VCAN_ImageDeal.o [1]
MotoLeftSpeed           0x1fff0dc8      0x4  Data  Gb  VCAN_Encoder.o [1]
MotoRightSpeed          0x1fff0dcc      0x4  Data  Gb  VCAN_Encoder.o [1]
MotorLeft_Control       0x000029e3     0x40  Code  Gb  VCAN_PwmMoto.o [1]
MotorRight_Control      0x000029a3     0x40  Code  Gb  VCAN_PwmMoto.o [1]
MyFuzzy                 0x00002d85     0x46  Code  Gb  VCAN_Track.o [1]
PD                      0x1fff0419      0x1  Data  Gb  fuzzy.o [1]
PE                      0x1fff0418      0x1  Data  Gb  fuzzy.o [1]
PID_Parameter_Init      0x00001e63     0xea  Code  Gb  ctrl_pid.o [1]
PID_Update_Error        0x00001d5b     0x64  Code  Gb  ctrl_pid.o [1]
PID_Update_Out          0x00001dfb     0x68  Code  Gb  ctrl_pid.o [1]
PID_Update_Sample       0x00001d19     0x42  Code  Gb  ctrl_pid.o [1]
PIT0_IRQHandler         0x00003729     0xa8  Code  Gb  MK60_it.o [1]
PORTA_IRQHandler        0x000037d1     0x1a  Code  Gb  MK60_it.o [1]
PORTX                   0x1fff055c     0x14  Data  Gb  MK60_port.o [1]
Page0_debug             0x00002677     0x4c  Code  Gb  VCAN_FreeCar.o [1]
Page1_debug             0x000026c3     0x20  Code  Gb  VCAN_FreeCar.o [1]
Region$$Table$$Base     0x00003cc0            --   Gb  - Linker created -
Region$$Table$$Limit    0x00003cd0            --   Gb  - Linker created -
Reset_Handler           0x00000411           Code  Gb  startup_MK60DZ10.o [1]
SCCB_GPIO_init          0x00000f6d     0x2a  Code  Gb  VCAN_SCCB.o [1]
SCCB_ReadByte           0x000011c3     0x24  Code  Gb  VCAN_SCCB.o [1]
SCCB_ReadByte_one       0x000011e7    0x1aa  Code  Lc  VCAN_SCCB.o [1]
SCCB_SendByte           0x000010c5     0x5a  Code  Lc  VCAN_SCCB.o [1]
SCCB_Start              0x00000f97     0x6a  Code  Lc  VCAN_SCCB.o [1]
SCCB_Stop               0x00001001     0x64  Code  Lc  VCAN_SCCB.o [1]
SCCB_WaitAck            0x00001065     0x60  Code  Lc  VCAN_SCCB.o [1]
SCCB_WriteByte          0x0000111f     0xa4  Code  Gb  VCAN_SCCB.o [1]
Send_Flag               0x200060f6      0x1  Data  Gb  main.o [1]
SerialPortRx            0x1fff0df4     0x6c  Data  Gb  VCAN_FreeCar.o [1]
SetServoDuty            0x00002f4f     0x22  Code  Gb  VCAN_Servo.o [1]
SpdAct                  0x1fff0791      0x1  Data  Gb  VCAN_Track.o [1]
SysCtrl_Update_PID      0x00003865     0x5a  Code  Gb  ctrl_control.o [1]
SysPID                  0x1fff0c00    0x1bc  Data  Gb  ctrl_pid.o [1]
Track                   0x00002c51    0x134  Code  Gb  VCAN_Track.o [1]
Tx1Buffer               0x20005fec    0x100  Data  Gb  VCAN_UART.o [1]
Tx1Counter              0x1fff07f4      0x1  Data  Gb  VCAN_UART.o [1]
UARTN                   0x1fff0570     0x18  Data  Gb  MK60_uart.o [1]
UartCmd                 0x000026e3     0x4e  Code  Gb  VCAN_FreeCar.o [1]
UartData                0x1fff0838     0x48  Data  Gb  VCAN_FreeCar.o [1]
UpdataPidIcerment       0x00003631     0xf6  Code  Gb  increPid.o [1]
__BOOT_STACK_ADDRESS {Abs}
                        0x2000fff8            --   Gb  command line/config [2]
__VECTOR_RAM {Abs}      0x1fff0000            --   Gb  command line/config [2]
__VECTOR_TABLE {Abs}    0x00000000            --   Gb  command line/config [2]
__aeabi_cdcmpeq         0x00001b51           Code  Gb  DblCmpEq.o [4]
__aeabi_cdcmple         0x000008bd           Code  Gb  DblCmpLe.o [4]
__aeabi_cdrcmple        0x0000086d           Code  Gb  DblCmpGe.o [4]
__aeabi_cfcmpeq         0x00002ef1           Code  Gb  FltCmpEq.o [4]
__aeabi_cfcmple         0x0000220d           Code  Gb  FltCmpLe.o [4]
__aeabi_cfrcmple        0x000021e9           Code  Gb  FltCmpGe.o [4]
__aeabi_d2f             0x000023d1           Code  Gb  DblToFlt.o [4]
__aeabi_d2iz            0x00001c89           Code  Gb  DblToI32.o [4]
__aeabi_dadd            0x00000e85           Code  Gb  DblAdd.o [4]
__aeabi_ddiv            0x00000a99           Code  Gb  DblDiv.o [4]
__aeabi_dmul            0x00000ce1           Code  Gb  DblMul.o [4]
__aeabi_dsub            0x000008ed           Code  Gb  DblSub.o [4]
__aeabi_errno_addr      0x00001b71      0x6  Code  Gb  errno.o [3]
__aeabi_f2d             0x000024c9           Code  Gb  FltToDbl.o [4]
__aeabi_f2iz            0x000022b5           Code  Gb  FltToS32.o [4]
__aeabi_fadd            0x00002231           Code  Gb  FltAdd.o [4]
__aeabi_fdiv            0x000030b1           Code  Gb  FltDiv.o [4]
__aeabi_fmul            0x000022f9           Code  Gb  FltMul.o [4]
__aeabi_fsub            0x00002101           Code  Gb  FltSub.o [4]
__aeabi_i2d             0x00000a6d           Code  Gb  I32ToDbl.o [4]
__aeabi_i2f             0x00002f0d           Code  Gb  I32ToFlt.o [4]
__aeabi_memclr          0x00003b55           Code  Gb  ABImemclr.o [5]
__aeabi_memset          0x00002461           Code  Gb  ABImemset.o [5]
__aeabi_ui2f            0x00002f21           Code  Gb  I32ToFlt.o [4]
__cmain                 0x00003cd1           Code  Gb  cmain.o [5]
__code_start__ {Abs}    0x00000410            --   Gb  command line/config [2]
__exit                  0x00003cfd           Code  Gb  XXexit.o [5]
__iar_Dnorm             0x00001cd7     0x42  Code  Gb  xdnorm.o [4]
__iar_Dscale            0x00001b7d    0x10c  Code  Gb  xdscale.o [4]
__iar_Dtest             0x00001b1d     0x32  Code  Gb  xdtest.o [4]
__iar_Errno             0x200060f8      0x4  Data  Gb  errno.o [3]
__iar_Exp               0x00001879    0x29e  Code  Gb  xexp.o [4]
__iar_Memset            0x00002461           Code  Gb  ABImemset.o [5]
__iar_Memset_word       0x00002469           Code  Gb  ABImemset.o [5]
__iar_d2uiz             0x00001cb5           Code  Gb  DblToI32.o [4]
__iar_dadd              0x00000e99           Code  Gb  DblAdd.o [4]
__iar_data_init3        0x00003c99     0x28  Code  Gb  data_init.o [5]
__iar_dlib_perthread_access
                        0x00001cd5      0x2  Code  Gb  xtls.o [3]
__iar_dsub              0x00000901           Code  Gb  DblSub.o [4]
__iar_dsubStart         0x00000913           Code  Gb  DblSub.o [4]
__iar_fadd              0x00002241           Code  Gb  FltAdd.o [4]
__iar_fsub              0x00002111           Code  Gb  FltSub.o [4]
__iar_fsubStart         0x00002121           Code  Gb  FltSub.o [4]
__iar_program_start     0x00003d09           Code  Gb  cstartup_M.o [5]
__iar_ui2d              0x00000a81           Code  Gb  I32ToDbl.o [4]
__iar_ui2f              0x00002f25           Code  Gb  I32ToFlt.o [4]
__iar_unaligned___aeabi_memcpy
                        0x00003add           Code  Gb  ABImemcpy_unaligned.o [5]
__iar_unaligned___aeabi_memcpy4
                        0x00003afd           Code  Gb  ABImemcpy_unaligned.o [5]
__iar_unaligned___aeabi_memcpy8
                        0x00003afd           Code  Gb  ABImemcpy_unaligned.o [5]
__iar_zero_init3        0x0000089b     0x22  Code  Gb  zero_init3.o [5]
__vector_table          0x00000000    0x410  Data  Gb  vectors.o [1]
_call_main              0x00003cdd           Code  Gb  cmain.o [5]
_exit                   0x00003cf1           Code  Gb  cexit.o [5]
_main                   0x00003ce7           Code  Gb  cmain.o [5]
a_In_imgbuff            0x1fff0e6c  0x12c00  Data  Gb  VCAN_OV7725.o [1]
beaconAim_L             0x1fff05fc     0xc8  Data  Gb  VCAN_Track.o [1]
beaconAim_R             0x1fff06c4     0xc8  Data  Gb  VCAN_Track.o [1]
bus_clk_khz             0x1fff0dc4      0x4  Data  Gb  system_MK60DZ10.o [1]
common_startup          0x000039f7     0x48  Code  Gb  system_MK60DZ10.o [1]
core_clk_khz            0x1fff0dbc      0x4  Data  Gb  system_MK60DZ10.o [1]
core_clk_mhz            0x1fff0dc0      0x4  Data  Gb  system_MK60DZ10.o [1]
count1                  0x1fff07f5      0x1  Data  Gb  VCAN_UART.o [1]
currentLight            0x1fff0790      0x1  Data  Gb  VCAN_Track.o [1]
dFuzzy                  0x1fff04b0     0x10  Data  Gb  fuzzy.o [1]
dRule                   0x1fff0458     0x10  Data  Gb  fuzzy.o [1]
default_isr             0x00003d15      0x2  Code  Gb  MK60_conf.o [1]
differential_Init       0x00002f71     0x6a  Code  Gb  VCAN_Servo.o [1]
dma_portx2buff_init     0x00003531    0x100  Code  Gb  MK60_dma.o [1]
eFuzzy                  0x1fff04a0     0x10  Data  Gb  fuzzy.o [1]
eRule                   0x1fff0448     0x10  Data  Gb  fuzzy.o [1]
exit                    0x00003ceb      0x4  Code  Gb  exit.o [3]
exp                     0x000031ad     0x54  Code  Gb  exp.o [4]
ftm_mod                 0x1fff04f4      0xc  Data  Lc  MK60_ftm.o [1]
ftm_pwm_duty            0x00002b69     0x38  Code  Gb  MK60_ftm.o [1]
ftm_pwm_init            0x00002add     0x8c  Code  Gb  MK60_ftm.o [1]
ftm_quad_clean          0x00002c33      0x2  Code  Gb  MK60_ftm.o [1]
ftm_quad_get            0x00002c27      0xc  Code  Gb  MK60_ftm.o [1]
ftm_quad_init           0x00002ba1     0x86  Code  Gb  MK60_ftm.o [1]
fuzzy_Speed             0x00000419    0x454  Code  Gb  fuzzy.o [1]
fuzzy_Temp              0x1fff04d8      0x8  Data  Gb  fuzzy.o [1]
goAroundBuffer          0x1fff0798     0x18  Data  Gb  VCAN_Track.o [1]
goAroundSpeed           0x1fff07bc      0x4  Data  Gb  VCAN_Track.o [1]
gpio_get                0x00001401     0x18  Code  Gb  MK60_gpio.o [1]
gpio_init               0x0000139d     0x42  Code  Gb  MK60_gpio.o [1]
gpio_set                0x000013df     0x22  Code  Gb  MK60_gpio.o [1]
imgbuff                 0x20003a6c   0x2580  Data  Gb  VCAN_OV7725.o [1]
led                     0x00002eb9     0x32  Code  Gb  VCAN_LED.o [1]
led_init                0x00002e7d     0x3c  Code  Gb  VCAN_LED.o [1]
lptmr_pulse_clean       0x00003987     0x14  Code  Gb  MK60_lptmr.o [1]
lptmr_pulse_get         0x00003975     0x12  Code  Gb  MK60_lptmr.o [1]
lptmr_pulse_init        0x00003925     0x50  Code  Gb  MK60_lptmr.o [1]
main                    0x00003a9d     0x3a  Code  Gb  main.o [1]
mcg_cfg                 0x1fff0514     0x44  Data  Gb  MK60_mcg.o [1]
mcg_div                 0x1fff0558      0x4  Data  Gb  MK60_mcg.o [1]
mcg_div_count           0x00003209    0x12c  Code  Gb  MK60_mcg.o [1]
nowServoCtrValue        0x1fff07b4      0x4  Data  Gb  VCAN_Track.o [1]
ov7725_eagle_cfgnum     0x1fff05f8      0x1  Data  Gb  VCAN_OV7725.o [1]
ov7725_eagle_dma        0x000034b7     0x12  Code  Gb  VCAN_OV7725.o [1]
ov7725_eagle_img_buff   0x1fff0590      0x4  Data  Gb  VCAN_OV7725.o [1]
ov7725_eagle_img_flag   0x1fff058c      0x1  Data  Gb  VCAN_OV7725.o [1]
ov7725_eagle_init       0x000033bd     0xbc  Code  Gb  VCAN_OV7725.o [1]
ov7725_eagle_reg        0x1fff0594     0x64  Data  Gb  VCAN_OV7725.o [1]
ov7725_eagle_vsync      0x00003479     0x3e  Code  Gb  VCAN_OV7725.o [1]
param1                  0x1fff0bf0      0x4  Data  Gb  ctrl_control.o [1]
param2                  0x1fff0bfc      0x4  Data  Gb  ctrl_control.o [1]
param3                  0x1fff0bf8      0x4  Data  Gb  ctrl_control.o [1]
param4                  0x1fff0bf4      0x4  Data  Gb  ctrl_control.o [1]
pit_init                0x00003c21     0x30  Code  Gb  MK60_PIT.o [1]
pll_init                0x00003335     0x7c  Code  Gb  MK60_mcg.o [1]
port_init               0x0000141d     0x2c  Code  Gb  MK60_port.o [1]
port_init_NoALT         0x00001449     0x38  Code  Gb  MK60_port.o [1]
push                    0x00002667     0x10  Code  Gb  VCAN_FreeCar.o [1]
rule_Temp               0x1fff04e0      0x8  Data  Gb  fuzzy.o [1]
servo2R                 0x1fff0880    0x320  Data  Gb  VCAN_Servo.o [1]
set_sys_dividers        0x1fff07f9     0x3c  Code  Gb  MK60_mcg.o [1]
set_vector_handler      0x00002957      0x8  Code  Gb  misc.o [1]
speedFuzzy              0x1fff0428     0x20  Data  Gb  fuzzy.o [1]
speedRule               0x1fff041c      0x8  Data  Gb  fuzzy.o [1]
speed_DF                0x1fff04c0     0x10  Data  Gb  fuzzy.o [1]
speed_Out               0x1fff04d0      0x8  Data  Gb  fuzzy.o [1]
speed_Rules             0x1fff0468     0x34  Data  Gb  fuzzy.o [1]
start                   0x000039a5     0x1e  Code  Gb  system_MK60DZ10.o [1]
svero_speed2speeds      0x00002fdb     0xb2  Code  Gb  VCAN_Servo.o [1]
sysinit                 0x000039c3     0x34  Code  Gb  system_MK60DZ10.o [1]
systick_delay_ms        0x000034fd     0x2a  Code  Gb  MK60_SysTick.o [1]
turnAngle               0x1fff07b0      0x2  Data  Gb  VCAN_Track.o [1]
uSendBuf                0x1fff0dd0     0x24  Data  Gb  VCAN_FreeCar.o [1]
uart4_handler           0x00003bc1     0x52  Code  Gb  VCAN_UART.o [1]
uart_getchar            0x000028b1     0x18  Code  Gb  MK60_uart.o [1]
uart_init               0x00002769    0x148  Code  Gb  MK60_uart.o [1]
uart_putchar            0x000028c9     0x14  Code  Gb  MK60_uart.o [1]
uart_rx_irq_en          0x000028dd     0x10  Code  Gb  MK60_uart.o [1]
uart_tx_irq_dis         0x00002907      0xc  Code  Gb  MK60_uart.o [1]
uratn                   0x1fff07f6      0x1  Data  Gb  VCAN_UART.o [1]
variableBuffer          0x00002e15     0x68  Code  Gb  VCAN_Track.o [1]
wdog_disable            0x00003a71     0x26  Code  Gb  MK60_wdog.o [1]
write_vtor              0x00002951      0x6  Code  Gb  misc.o [1]


[1] = C:\Users\duoyw\Desktop\飞卡\myproject\competition0v7725_3_8_19点20分C车图像处理修改\Prj\IAR\DZ10_Release\Obj
[2] = command line
[3] = dl7M_tlf.a
[4] = m7M_tl.a
[5] = rt7M_tl.a

  13 524 bytes of readonly  code memory
      60 bytes of readwrite code memory
   2 120 bytes of readonly  data memory
  89 258 bytes of readwrite data memory

Errors: none
Warnings: none
