###############################################################################
#                                                                             #
# IAR ELF Linker V6.70.1.5641/W32 for ARM               15/Mar/2018  15:23:46 #
# Copyright 2007-2013 IAR Systems AB.                                         #
#                                                                             #
#    Output file  =  C:\Users\86326\Desktop\∑…ø®œ‡πÿ\competition0v7725_3_10_1 #
#                    5µ„37∑÷C≥µÕºœÒ¥¶¿Ì–ﬁ∏ƒÕÍ±œ÷±œﬂƒ‚∫œ\competition0v7725_3_1 #
#                    4_23µ„37∑÷C≥µÕºœÒ¥¶¿Ì–ﬁ∏ƒÕÍ±œ÷±œﬂƒ‚∫œ\competition0v7725_ #
#                    3_10_15µ„37∑÷C≥µÕºœÒ¥¶¿Ì–ﬁ∏ƒÕÍ±œ÷±œﬂƒ‚∫œ\Prj\IAR\FN15_De #
#                    bug\Exe\vcan_Kinetis.out                                 #
#    Map file     =  C:\Users\86326\Desktop\∑…ø®œ‡πÿ\competition0v7725_3_10_1 #
#                    5µ„37∑÷C≥µÕºœÒ¥¶¿Ì–ﬁ∏ƒÕÍ±œ÷±œﬂƒ‚∫œ\competition0v7725_3_1 #
#                    4_23µ„37∑÷C≥µÕºœÒ¥¶¿Ì–ﬁ∏ƒÕÍ±œ÷±œﬂƒ‚∫œ\competition0v7725_ #
#                    3_10_15µ„37∑÷C≥µÕºœÒ¥¶¿Ì–ﬁ∏ƒÕÍ±œ÷±œﬂƒ‚∫œ\Prj\IAR\FN15_De #
#                    bug\List\vcan_Kinetis.map                                #
#    Command line =  C:\Users\86326\Desktop\∑…ø®œ‡πÿ\competition0v7725_3_10_1 #
#                    5µ„37∑÷C≥µÕºœÒ¥¶¿Ì–ﬁ∏ƒÕÍ±œ÷±œﬂƒ‚∫œ\competition0v7725_3_1 #
#                    4_23µ„37∑÷C≥µÕºœÒ¥¶¿Ì–ﬁ∏ƒÕÍ±œ÷±œﬂƒ‚∫œ\competition0v7725_ #
#                    3_10_15µ„37∑÷C≥µÕºœÒ¥¶¿Ì–ﬁ∏ƒÕÍ±œ÷±œﬂƒ‚∫œ\Prj\IAR\FN15_De #
#                    bug\Obj\ctrl_basic.o C:\Users\86326\Desktop\∑…ø®œ‡πÿ\com #
#                    petition0v7725_3_10_15µ„37∑÷C≥µÕºœÒ¥¶¿Ì–ﬁ∏ƒÕÍ±œ÷±œﬂƒ‚∫œ\ #
#                    competition0v7725_3_14_23µ„37∑÷C≥µÕºœÒ¥¶¿Ì–ﬁ∏ƒÕÍ±œ÷±œﬂƒ‚ #
#                    ∫œ\competition0v7725_3_10_15µ„37∑÷C≥µÕºœÒ¥¶¿Ì–ﬁ∏ƒÕÍ±œ÷±œ #
#                    ﬂƒ‚∫œ\Prj\IAR\FN15_Debug\Obj\ctrl_control.o              #
#                    C:\Users\86326\Desktop\∑…ø®œ‡πÿ\competition0v7725_3_10_1 #
#                    5µ„37∑÷C≥µÕºœÒ¥¶¿Ì–ﬁ∏ƒÕÍ±œ÷±œﬂƒ‚∫œ\competition0v7725_3_1 #
#                    4_23µ„37∑÷C≥µÕºœÒ¥¶¿Ì–ﬁ∏ƒÕÍ±œ÷±œﬂƒ‚∫œ\competition0v7725_ #
#                    3_10_15µ„37∑÷C≥µÕºœÒ¥¶¿Ì–ﬁ∏ƒÕÍ±œ÷±œﬂƒ‚∫œ\Prj\IAR\FN15_De #
#                    bug\Obj\ctrl_pid.o C:\Users\86326\Desktop\∑…ø®œ‡πÿ\compe #
#                    tition0v7725_3_10_15µ„37∑÷C≥µÕºœÒ¥¶¿Ì–ﬁ∏ƒÕÍ±œ÷±œﬂƒ‚∫œ\co #
#                    mpetition0v7725_3_14_23µ„37∑÷C≥µÕºœÒ¥¶¿Ì–ﬁ∏ƒÕÍ±œ÷±œﬂƒ‚∫œ #
#                    \competition0v7725_3_10_15µ„37∑÷C≥µÕºœÒ¥¶¿Ì–ﬁ∏ƒÕÍ±œ÷±œﬂƒ #
#                    ‚∫œ\Prj\IAR\FN15_Debug\Obj\fuzzy.o                       #
#                    C:\Users\86326\Desktop\∑…ø®œ‡πÿ\competition0v7725_3_10_1 #
#                    5µ„37∑÷C≥µÕºœÒ¥¶¿Ì–ﬁ∏ƒÕÍ±œ÷±œﬂƒ‚∫œ\competition0v7725_3_1 #
#                    4_23µ„37∑÷C≥µÕºœÒ¥¶¿Ì–ﬁ∏ƒÕÍ±œ÷±œﬂƒ‚∫œ\competition0v7725_ #
#                    3_10_15µ„37∑÷C≥µÕºœÒ¥¶¿Ì–ﬁ∏ƒÕÍ±œ÷±œﬂƒ‚∫œ\Prj\IAR\FN15_De #
#                    bug\Obj\increPid.o C:\Users\86326\Desktop\∑…ø®œ‡πÿ\compe #
#                    tition0v7725_3_10_15µ„37∑÷C≥µÕºœÒ¥¶¿Ì–ﬁ∏ƒÕÍ±œ÷±œﬂƒ‚∫œ\co #
#                    mpetition0v7725_3_14_23µ„37∑÷C≥µÕºœÒ¥¶¿Ì–ﬁ∏ƒÕÍ±œ÷±œﬂƒ‚∫œ #
#                    \competition0v7725_3_10_15µ„37∑÷C≥µÕºœÒ¥¶¿Ì–ﬁ∏ƒÕÍ±œ÷±œﬂƒ #
#                    ‚∫œ\Prj\IAR\FN15_Debug\Obj\main.o                        #
#                    C:\Users\86326\Desktop\∑…ø®œ‡πÿ\competition0v7725_3_10_1 #
#                    5µ„37∑÷C≥µÕºœÒ¥¶¿Ì–ﬁ∏ƒÕÍ±œ÷±œﬂƒ‚∫œ\competition0v7725_3_1 #
#                    4_23µ„37∑÷C≥µÕºœÒ¥¶¿Ì–ﬁ∏ƒÕÍ±œ÷±œﬂƒ‚∫œ\competition0v7725_ #
#                    3_10_15µ„37∑÷C≥µÕºœÒ¥¶¿Ì–ﬁ∏ƒÕÍ±œ÷±œﬂƒ‚∫œ\Prj\IAR\FN15_De #
#                    bug\Obj\misc.o C:\Users\86326\Desktop\∑…ø®œ‡πÿ\competiti #
#                    on0v7725_3_10_15µ„37∑÷C≥µÕºœÒ¥¶¿Ì–ﬁ∏ƒÕÍ±œ÷±œﬂƒ‚∫œ\compet #
#                    ition0v7725_3_14_23µ„37∑÷C≥µÕºœÒ¥¶¿Ì–ﬁ∏ƒÕÍ±œ÷±œﬂƒ‚∫œ\com #
#                    petition0v7725_3_10_15µ„37∑÷C≥µÕºœÒ¥¶¿Ì–ﬁ∏ƒÕÍ±œ÷±œﬂƒ‚∫œ\ #
#                    Prj\IAR\FN15_Debug\Obj\MK60_adc.o                        #
#                    C:\Users\86326\Desktop\∑…ø®œ‡πÿ\competition0v7725_3_10_1 #
#                    5µ„37∑÷C≥µÕºœÒ¥¶¿Ì–ﬁ∏ƒÕÍ±œ÷±œﬂƒ‚∫œ\competition0v7725_3_1 #
#                    4_23µ„37∑÷C≥µÕºœÒ¥¶¿Ì–ﬁ∏ƒÕÍ±œ÷±œﬂƒ‚∫œ\competition0v7725_ #
#                    3_10_15µ„37∑÷C≥µÕºœÒ¥¶¿Ì–ﬁ∏ƒÕÍ±œ÷±œﬂƒ‚∫œ\Prj\IAR\FN15_De #
#                    bug\Obj\MK60_conf.o C:\Users\86326\Desktop\∑…ø®œ‡πÿ\comp #
#                    etition0v7725_3_10_15µ„37∑÷C≥µÕºœÒ¥¶¿Ì–ﬁ∏ƒÕÍ±œ÷±œﬂƒ‚∫œ\c #
#                    ompetition0v7725_3_14_23µ„37∑÷C≥µÕºœÒ¥¶¿Ì–ﬁ∏ƒÕÍ±œ÷±œﬂƒ‚∫ #
#                    œ\competition0v7725_3_10_15µ„37∑÷C≥µÕºœÒ¥¶¿Ì–ﬁ∏ƒÕÍ±œ÷±œﬂ #
#                    ƒ‚∫œ\Prj\IAR\FN15_Debug\Obj\MK60_dac.o                   #
#                    C:\Users\86326\Desktop\∑…ø®œ‡πÿ\competition0v7725_3_10_1 #
#                    5µ„37∑÷C≥µÕºœÒ¥¶¿Ì–ﬁ∏ƒÕÍ±œ÷±œﬂƒ‚∫œ\competition0v7725_3_1 #
#                    4_23µ„37∑÷C≥µÕºœÒ¥¶¿Ì–ﬁ∏ƒÕÍ±œ÷±œﬂƒ‚∫œ\competition0v7725_ #
#                    3_10_15µ„37∑÷C≥µÕºœÒ¥¶¿Ì–ﬁ∏ƒÕÍ±œ÷±œﬂƒ‚∫œ\Prj\IAR\FN15_De #
#                    bug\Obj\MK60_dma.o C:\Users\86326\Desktop\∑…ø®œ‡πÿ\compe #
#                    tition0v7725_3_10_15µ„37∑÷C≥µÕºœÒ¥¶¿Ì–ﬁ∏ƒÕÍ±œ÷±œﬂƒ‚∫œ\co #
#                    mpetition0v7725_3_14_23µ„37∑÷C≥µÕºœÒ¥¶¿Ì–ﬁ∏ƒÕÍ±œ÷±œﬂƒ‚∫œ #
#                    \competition0v7725_3_10_15µ„37∑÷C≥µÕºœÒ¥¶¿Ì–ﬁ∏ƒÕÍ±œ÷±œﬂƒ #
#                    ‚∫œ\Prj\IAR\FN15_Debug\Obj\MK60_DWT.o                    #
#                    C:\Users\86326\Desktop\∑…ø®œ‡πÿ\competition0v7725_3_10_1 #
#                    5µ„37∑÷C≥µÕºœÒ¥¶¿Ì–ﬁ∏ƒÕÍ±œ÷±œﬂƒ‚∫œ\competition0v7725_3_1 #
#                    4_23µ„37∑÷C≥µÕºœÒ¥¶¿Ì–ﬁ∏ƒÕÍ±œ÷±œﬂƒ‚∫œ\competition0v7725_ #
#                    3_10_15µ„37∑÷C≥µÕºœÒ¥¶¿Ì–ﬁ∏ƒÕÍ±œ÷±œﬂƒ‚∫œ\Prj\IAR\FN15_De #
#                    bug\Obj\MK60_flash.o C:\Users\86326\Desktop\∑…ø®œ‡πÿ\com #
#                    petition0v7725_3_10_15µ„37∑÷C≥µÕºœÒ¥¶¿Ì–ﬁ∏ƒÕÍ±œ÷±œﬂƒ‚∫œ\ #
#                    competition0v7725_3_14_23µ„37∑÷C≥µÕºœÒ¥¶¿Ì–ﬁ∏ƒÕÍ±œ÷±œﬂƒ‚ #
#                    ∫œ\competition0v7725_3_10_15µ„37∑÷C≥µÕºœÒ¥¶¿Ì–ﬁ∏ƒÕÍ±œ÷±œ #
#                    ﬂƒ‚∫œ\Prj\IAR\FN15_Debug\Obj\MK60_ftm.o                  #
#                    C:\Users\86326\Desktop\∑…ø®œ‡πÿ\competition0v7725_3_10_1 #
#                    5µ„37∑÷C≥µÕºœÒ¥¶¿Ì–ﬁ∏ƒÕÍ±œ÷±œﬂƒ‚∫œ\competition0v7725_3_1 #
#                    4_23µ„37∑÷C≥µÕºœÒ¥¶¿Ì–ﬁ∏ƒÕÍ±œ÷±œﬂƒ‚∫œ\competition0v7725_ #
#                    3_10_15µ„37∑÷C≥µÕºœÒ¥¶¿Ì–ﬁ∏ƒÕÍ±œ÷±œﬂƒ‚∫œ\Prj\IAR\FN15_De #
#                    bug\Obj\MK60_gpio.o C:\Users\86326\Desktop\∑…ø®œ‡πÿ\comp #
#                    etition0v7725_3_10_15µ„37∑÷C≥µÕºœÒ¥¶¿Ì–ﬁ∏ƒÕÍ±œ÷±œﬂƒ‚∫œ\c #
#                    ompetition0v7725_3_14_23µ„37∑÷C≥µÕºœÒ¥¶¿Ì–ﬁ∏ƒÕÍ±œ÷±œﬂƒ‚∫ #
#                    œ\competition0v7725_3_10_15µ„37∑÷C≥µÕºœÒ¥¶¿Ì–ﬁ∏ƒÕÍ±œ÷±œﬂ #
#                    ƒ‚∫œ\Prj\IAR\FN15_Debug\Obj\MK60_i2c.o                   #
#                    C:\Users\86326\Desktop\∑…ø®œ‡πÿ\competition0v7725_3_10_1 #
#                    5µ„37∑÷C≥µÕºœÒ¥¶¿Ì–ﬁ∏ƒÕÍ±œ÷±œﬂƒ‚∫œ\competition0v7725_3_1 #
#                    4_23µ„37∑÷C≥µÕºœÒ¥¶¿Ì–ﬁ∏ƒÕÍ±œ÷±œﬂƒ‚∫œ\competition0v7725_ #
#                    3_10_15µ„37∑÷C≥µÕºœÒ¥¶¿Ì–ﬁ∏ƒÕÍ±œ÷±œﬂƒ‚∫œ\Prj\IAR\FN15_De #
#                    bug\Obj\MK60_it.o C:\Users\86326\Desktop\∑…ø®œ‡πÿ\compet #
#                    ition0v7725_3_10_15µ„37∑÷C≥µÕºœÒ¥¶¿Ì–ﬁ∏ƒÕÍ±œ÷±œﬂƒ‚∫œ\com #
#                    petition0v7725_3_14_23µ„37∑÷C≥µÕºœÒ¥¶¿Ì–ﬁ∏ƒÕÍ±œ÷±œﬂƒ‚∫œ\ #
#                    competition0v7725_3_10_15µ„37∑÷C≥µÕºœÒ¥¶¿Ì–ﬁ∏ƒÕÍ±œ÷±œﬂƒ‚ #
#                    ∫œ\Prj\IAR\FN15_Debug\Obj\MK60_lptmr.o                   #
#                    C:\Users\86326\Desktop\∑…ø®œ‡πÿ\competition0v7725_3_10_1 #
#                    5µ„37∑÷C≥µÕºœÒ¥¶¿Ì–ﬁ∏ƒÕÍ±œ÷±œﬂƒ‚∫œ\competition0v7725_3_1 #
#                    4_23µ„37∑÷C≥µÕºœÒ¥¶¿Ì–ﬁ∏ƒÕÍ±œ÷±œﬂƒ‚∫œ\competition0v7725_ #
#                    3_10_15µ„37∑÷C≥µÕºœÒ¥¶¿Ì–ﬁ∏ƒÕÍ±œ÷±œﬂƒ‚∫œ\Prj\IAR\FN15_De #
#                    bug\Obj\MK60_mcg.o C:\Users\86326\Desktop\∑…ø®œ‡πÿ\compe #
#                    tition0v7725_3_10_15µ„37∑÷C≥µÕºœÒ¥¶¿Ì–ﬁ∏ƒÕÍ±œ÷±œﬂƒ‚∫œ\co #
#                    mpetition0v7725_3_14_23µ„37∑÷C≥µÕºœÒ¥¶¿Ì–ﬁ∏ƒÕÍ±œ÷±œﬂƒ‚∫œ #
#                    \competition0v7725_3_10_15µ„37∑÷C≥µÕºœÒ¥¶¿Ì–ﬁ∏ƒÕÍ±œ÷±œﬂƒ #
#                    ‚∫œ\Prj\IAR\FN15_Debug\Obj\MK60_PIT.o                    #
#                    C:\Users\86326\Desktop\∑…ø®œ‡πÿ\competition0v7725_3_10_1 #
#                    5µ„37∑÷C≥µÕºœÒ¥¶¿Ì–ﬁ∏ƒÕÍ±œ÷±œﬂƒ‚∫œ\competition0v7725_3_1 #
#                    4_23µ„37∑÷C≥µÕºœÒ¥¶¿Ì–ﬁ∏ƒÕÍ±œ÷±œﬂƒ‚∫œ\competition0v7725_ #
#                    3_10_15µ„37∑÷C≥µÕºœÒ¥¶¿Ì–ﬁ∏ƒÕÍ±œ÷±œﬂƒ‚∫œ\Prj\IAR\FN15_De #
#                    bug\Obj\MK60_port.o C:\Users\86326\Desktop\∑…ø®œ‡πÿ\comp #
#                    etition0v7725_3_10_15µ„37∑÷C≥µÕºœÒ¥¶¿Ì–ﬁ∏ƒÕÍ±œ÷±œﬂƒ‚∫œ\c #
#                    ompetition0v7725_3_14_23µ„37∑÷C≥µÕºœÒ¥¶¿Ì–ﬁ∏ƒÕÍ±œ÷±œﬂƒ‚∫ #
#                    œ\competition0v7725_3_10_15µ„37∑÷C≥µÕºœÒ¥¶¿Ì–ﬁ∏ƒÕÍ±œ÷±œﬂ #
#                    ƒ‚∫œ\Prj\IAR\FN15_Debug\Obj\MK60_rtc.o                   #
#                    C:\Users\86326\Desktop\∑…ø®œ‡πÿ\competition0v7725_3_10_1 #
#                    5µ„37∑÷C≥µÕºœÒ¥¶¿Ì–ﬁ∏ƒÕÍ±œ÷±œﬂƒ‚∫œ\competition0v7725_3_1 #
#                    4_23µ„37∑÷C≥µÕºœÒ¥¶¿Ì–ﬁ∏ƒÕÍ±œ÷±œﬂƒ‚∫œ\competition0v7725_ #
#                    3_10_15µ„37∑÷C≥µÕºœÒ¥¶¿Ì–ﬁ∏ƒÕÍ±œ÷±œﬂƒ‚∫œ\Prj\IAR\FN15_De #
#                    bug\Obj\MK60_spi.o C:\Users\86326\Desktop\∑…ø®œ‡πÿ\compe #
#                    tition0v7725_3_10_15µ„37∑÷C≥µÕºœÒ¥¶¿Ì–ﬁ∏ƒÕÍ±œ÷±œﬂƒ‚∫œ\co #
#                    mpetition0v7725_3_14_23µ„37∑÷C≥µÕºœÒ¥¶¿Ì–ﬁ∏ƒÕÍ±œ÷±œﬂƒ‚∫œ #
#                    \competition0v7725_3_10_15µ„37∑÷C≥µÕºœÒ¥¶¿Ì–ﬁ∏ƒÕÍ±œ÷±œﬂƒ #
#                    ‚∫œ\Prj\IAR\FN15_Debug\Obj\MK60_SysTick.o                #
#                    C:\Users\86326\Desktop\∑…ø®œ‡πÿ\competition0v7725_3_10_1 #
#                    5µ„37∑÷C≥µÕºœÒ¥¶¿Ì–ﬁ∏ƒÕÍ±œ÷±œﬂƒ‚∫œ\competition0v7725_3_1 #
#                    4_23µ„37∑÷C≥µÕºœÒ¥¶¿Ì–ﬁ∏ƒÕÍ±œ÷±œﬂƒ‚∫œ\competition0v7725_ #
#                    3_10_15µ„37∑÷C≥µÕºœÒ¥¶¿Ì–ﬁ∏ƒÕÍ±œ÷±œﬂƒ‚∫œ\Prj\IAR\FN15_De #
#                    bug\Obj\MK60_uart.o C:\Users\86326\Desktop\∑…ø®œ‡πÿ\comp #
#                    etition0v7725_3_10_15µ„37∑÷C≥µÕºœÒ¥¶¿Ì–ﬁ∏ƒÕÍ±œ÷±œﬂƒ‚∫œ\c #
#                    ompetition0v7725_3_14_23µ„37∑÷C≥µÕºœÒ¥¶¿Ì–ﬁ∏ƒÕÍ±œ÷±œﬂƒ‚∫ #
#                    œ\competition0v7725_3_10_15µ„37∑÷C≥µÕºœÒ¥¶¿Ì–ﬁ∏ƒÕÍ±œ÷±œﬂ #
#                    ƒ‚∫œ\Prj\IAR\FN15_Debug\Obj\MK60_wdog.o                  #
#                    C:\Users\86326\Desktop\∑…ø®œ‡πÿ\competition0v7725_3_10_1 #
#                    5µ„37∑÷C≥µÕºœÒ¥¶¿Ì–ﬁ∏ƒÕÍ±œ÷±œﬂƒ‚∫œ\competition0v7725_3_1 #
#                    4_23µ„37∑÷C≥µÕºœÒ¥¶¿Ì–ﬁ∏ƒÕÍ±œ÷±œﬂƒ‚∫œ\competition0v7725_ #
#                    3_10_15µ„37∑÷C≥µÕºœÒ¥¶¿Ì–ﬁ∏ƒÕÍ±œ÷±œﬂƒ‚∫œ\Prj\IAR\FN15_De #
#                    bug\Obj\startup_MK60DZ10.o C:\Users\86326\Desktop\∑…ø®œ‡ #
#                    πÿ\competition0v7725_3_10_15µ„37∑÷C≥µÕºœÒ¥¶¿Ì–ﬁ∏ƒÕÍ±œ÷±œ #
#                    ﬂƒ‚∫œ\competition0v7725_3_14_23µ„37∑÷C≥µÕºœÒ¥¶¿Ì–ﬁ∏ƒÕÍ±œ #
#                    ÷±œﬂƒ‚∫œ\competition0v7725_3_10_15µ„37∑÷C≥µÕºœÒ¥¶¿Ì–ﬁ∏ƒÕ #
#                    Í±œ÷±œﬂƒ‚∫œ\Prj\IAR\FN15_Debug\Obj\system_MK60DZ10.o     #
#                    C:\Users\86326\Desktop\∑…ø®œ‡πÿ\competition0v7725_3_10_1 #
#                    5µ„37∑÷C≥µÕºœÒ¥¶¿Ì–ﬁ∏ƒÕÍ±œ÷±œﬂƒ‚∫œ\competition0v7725_3_1 #
#                    4_23µ„37∑÷C≥µÕºœÒ¥¶¿Ì–ﬁ∏ƒÕÍ±œ÷±œﬂƒ‚∫œ\competition0v7725_ #
#                    3_10_15µ„37∑÷C≥µÕºœÒ¥¶¿Ì–ﬁ∏ƒÕÍ±œ÷±œﬂƒ‚∫œ\Prj\IAR\FN15_De #
#                    bug\Obj\VCAN_camera.o C:\Users\86326\Desktop\∑…ø®œ‡πÿ\co #
#                    mpetition0v7725_3_10_15µ„37∑÷C≥µÕºœÒ¥¶¿Ì–ﬁ∏ƒÕÍ±œ÷±œﬂƒ‚∫œ #
#                    \competition0v7725_3_14_23µ„37∑÷C≥µÕºœÒ¥¶¿Ì–ﬁ∏ƒÕÍ±œ÷±œﬂƒ #
#                    ‚∫œ\competition0v7725_3_10_15µ„37∑÷C≥µÕºœÒ¥¶¿Ì–ﬁ∏ƒÕÍ±œ÷± #
#                    œﬂƒ‚∫œ\Prj\IAR\FN15_Debug\Obj\VCAN_computer.o            #
#                    C:\Users\86326\Desktop\∑…ø®œ‡πÿ\competition0v7725_3_10_1 #
#                    5µ„37∑÷C≥µÕºœÒ¥¶¿Ì–ﬁ∏ƒÕÍ±œ÷±œﬂƒ‚∫œ\competition0v7725_3_1 #
#                    4_23µ„37∑÷C≥µÕºœÒ¥¶¿Ì–ﬁ∏ƒÕÍ±œ÷±œﬂƒ‚∫œ\competition0v7725_ #
#                    3_10_15µ„37∑÷C≥µÕºœÒ¥¶¿Ì–ﬁ∏ƒÕÍ±œ÷±œﬂƒ‚∫œ\Prj\IAR\FN15_De #
#                    bug\Obj\VCAN_Encoder.o C:\Users\86326\Desktop\∑…ø®œ‡πÿ\c #
#                    ompetition0v7725_3_10_15µ„37∑÷C≥µÕºœÒ¥¶¿Ì–ﬁ∏ƒÕÍ±œ÷±œﬂƒ‚∫ #
#                    œ\competition0v7725_3_14_23µ„37∑÷C≥µÕºœÒ¥¶¿Ì–ﬁ∏ƒÕÍ±œ÷±œﬂ #
#                    ƒ‚∫œ\competition0v7725_3_10_15µ„37∑÷C≥µÕºœÒ¥¶¿Ì–ﬁ∏ƒÕÍ±œ÷ #
#                    ±œﬂƒ‚∫œ\Prj\IAR\FN15_Debug\Obj\VCAN_FreeCar.o            #
#                    C:\Users\86326\Desktop\∑…ø®œ‡πÿ\competition0v7725_3_10_1 #
#                    5µ„37∑÷C≥µÕºœÒ¥¶¿Ì–ﬁ∏ƒÕÍ±œ÷±œﬂƒ‚∫œ\competition0v7725_3_1 #
#                    4_23µ„37∑÷C≥µÕºœÒ¥¶¿Ì–ﬁ∏ƒÕÍ±œ÷±œﬂƒ‚∫œ\competition0v7725_ #
#                    3_10_15µ„37∑÷C≥µÕºœÒ¥¶¿Ì–ﬁ∏ƒÕÍ±œ÷±œﬂƒ‚∫œ\Prj\IAR\FN15_De #
#                    bug\Obj\VCAN_ImageDeal.o C:\Users\86326\Desktop\∑…ø®œ‡πÿ #
#                    \competition0v7725_3_10_15µ„37∑÷C≥µÕºœÒ¥¶¿Ì–ﬁ∏ƒÕÍ±œ÷±œﬂƒ #
#                    ‚∫œ\competition0v7725_3_14_23µ„37∑÷C≥µÕºœÒ¥¶¿Ì–ﬁ∏ƒÕÍ±œ÷± #
#                    œﬂƒ‚∫œ\competition0v7725_3_10_15µ„37∑÷C≥µÕºœÒ¥¶¿Ì–ﬁ∏ƒÕÍ± #
#                    œ÷±œﬂƒ‚∫œ\Prj\IAR\FN15_Debug\Obj\VCAN_key.o              #
#                    C:\Users\86326\Desktop\∑…ø®œ‡πÿ\competition0v7725_3_10_1 #
#                    5µ„37∑÷C≥µÕºœÒ¥¶¿Ì–ﬁ∏ƒÕÍ±œ÷±œﬂƒ‚∫œ\competition0v7725_3_1 #
#                    4_23µ„37∑÷C≥µÕºœÒ¥¶¿Ì–ﬁ∏ƒÕÍ±œ÷±œﬂƒ‚∫œ\competition0v7725_ #
#                    3_10_15µ„37∑÷C≥µÕºœÒ¥¶¿Ì–ﬁ∏ƒÕÍ±œ÷±œﬂƒ‚∫œ\Prj\IAR\FN15_De #
#                    bug\Obj\VCAN_LED.o C:\Users\86326\Desktop\∑…ø®œ‡πÿ\compe #
#                    tition0v7725_3_10_15µ„37∑÷C≥µÕºœÒ¥¶¿Ì–ﬁ∏ƒÕÍ±œ÷±œﬂƒ‚∫œ\co #
#                    mpetition0v7725_3_14_23µ„37∑÷C≥µÕºœÒ¥¶¿Ì–ﬁ∏ƒÕÍ±œ÷±œﬂƒ‚∫œ #
#                    \competition0v7725_3_10_15µ„37∑÷C≥µÕºœÒ¥¶¿Ì–ﬁ∏ƒÕÍ±œ÷±œﬂƒ #
#                    ‚∫œ\Prj\IAR\FN15_Debug\Obj\VCAN_MyMath.o                 #
#                    C:\Users\86326\Desktop\∑…ø®œ‡πÿ\competition0v7725_3_10_1 #
#                    5µ„37∑÷C≥µÕºœÒ¥¶¿Ì–ﬁ∏ƒÕÍ±œ÷±œﬂƒ‚∫œ\competition0v7725_3_1 #
#                    4_23µ„37∑÷C≥µÕºœÒ¥¶¿Ì–ﬁ∏ƒÕÍ±œ÷±œﬂƒ‚∫œ\competition0v7725_ #
#                    3_10_15µ„37∑÷C≥µÕºœÒ¥¶¿Ì–ﬁ∏ƒÕÍ±œ÷±œﬂƒ‚∫œ\Prj\IAR\FN15_De #
#                    bug\Obj\VCAN_NVIC.o C:\Users\86326\Desktop\∑…ø®œ‡πÿ\comp #
#                    etition0v7725_3_10_15µ„37∑÷C≥µÕºœÒ¥¶¿Ì–ﬁ∏ƒÕÍ±œ÷±œﬂƒ‚∫œ\c #
#                    ompetition0v7725_3_14_23µ„37∑÷C≥µÕºœÒ¥¶¿Ì–ﬁ∏ƒÕÍ±œ÷±œﬂƒ‚∫ #
#                    œ\competition0v7725_3_10_15µ„37∑÷C≥µÕºœÒ¥¶¿Ì–ﬁ∏ƒÕÍ±œ÷±œﬂ #
#                    ƒ‚∫œ\Prj\IAR\FN15_Debug\Obj\VCAN_OV7725.o                #
#                    C:\Users\86326\Desktop\∑…ø®œ‡πÿ\competition0v7725_3_10_1 #
#                    5µ„37∑÷C≥µÕºœÒ¥¶¿Ì–ﬁ∏ƒÕÍ±œ÷±œﬂƒ‚∫œ\competition0v7725_3_1 #
#                    4_23µ„37∑÷C≥µÕºœÒ¥¶¿Ì–ﬁ∏ƒÕÍ±œ÷±œﬂƒ‚∫œ\competition0v7725_ #
#                    3_10_15µ„37∑÷C≥µÕºœÒ¥¶¿Ì–ﬁ∏ƒÕÍ±œ÷±œﬂƒ‚∫œ\Prj\IAR\FN15_De #
#                    bug\Obj\VCAN_PIT.o C:\Users\86326\Desktop\∑…ø®œ‡πÿ\compe #
#                    tition0v7725_3_10_15µ„37∑÷C≥µÕºœÒ¥¶¿Ì–ﬁ∏ƒÕÍ±œ÷±œﬂƒ‚∫œ\co #
#                    mpetition0v7725_3_14_23µ„37∑÷C≥µÕºœÒ¥¶¿Ì–ﬁ∏ƒÕÍ±œ÷±œﬂƒ‚∫œ #
#                    \competition0v7725_3_10_15µ„37∑÷C≥µÕºœÒ¥¶¿Ì–ﬁ∏ƒÕÍ±œ÷±œﬂƒ #
#                    ‚∫œ\Prj\IAR\FN15_Debug\Obj\VCAN_PwmMoto.o                #
#                    C:\Users\86326\Desktop\∑…ø®œ‡πÿ\competition0v7725_3_10_1 #
#                    5µ„37∑÷C≥µÕºœÒ¥¶¿Ì–ﬁ∏ƒÕÍ±œ÷±œﬂƒ‚∫œ\competition0v7725_3_1 #
#                    4_23µ„37∑÷C≥µÕºœÒ¥¶¿Ì–ﬁ∏ƒÕÍ±œ÷±œﬂƒ‚∫œ\competition0v7725_ #
#                    3_10_15µ„37∑÷C≥µÕºœÒ¥¶¿Ì–ﬁ∏ƒÕÍ±œ÷±œﬂƒ‚∫œ\Prj\IAR\FN15_De #
#                    bug\Obj\VCAN_SCCB.o C:\Users\86326\Desktop\∑…ø®œ‡πÿ\comp #
#                    etition0v7725_3_10_15µ„37∑÷C≥µÕºœÒ¥¶¿Ì–ﬁ∏ƒÕÍ±œ÷±œﬂƒ‚∫œ\c #
#                    ompetition0v7725_3_14_23µ„37∑÷C≥µÕºœÒ¥¶¿Ì–ﬁ∏ƒÕÍ±œ÷±œﬂƒ‚∫ #
#                    œ\competition0v7725_3_10_15µ„37∑÷C≥µÕºœÒ¥¶¿Ì–ﬁ∏ƒÕÍ±œ÷±œﬂ #
#                    ƒ‚∫œ\Prj\IAR\FN15_Debug\Obj\VCAN_Servo.o                 #
#                    C:\Users\86326\Desktop\∑…ø®œ‡πÿ\competition0v7725_3_10_1 #
#                    5µ„37∑÷C≥µÕºœÒ¥¶¿Ì–ﬁ∏ƒÕÍ±œ÷±œﬂƒ‚∫œ\competition0v7725_3_1 #
#                    4_23µ„37∑÷C≥µÕºœÒ¥¶¿Ì–ﬁ∏ƒÕÍ±œ÷±œﬂƒ‚∫œ\competition0v7725_ #
#                    3_10_15µ„37∑÷C≥µÕºœÒ¥¶¿Ì–ﬁ∏ƒÕÍ±œ÷±œﬂƒ‚∫œ\Prj\IAR\FN15_De #
#                    bug\Obj\VCAN_Track.o C:\Users\86326\Desktop\∑…ø®œ‡πÿ\com #
#                    petition0v7725_3_10_15µ„37∑÷C≥µÕºœÒ¥¶¿Ì–ﬁ∏ƒÕÍ±œ÷±œﬂƒ‚∫œ\ #
#                    competition0v7725_3_14_23µ„37∑÷C≥µÕºœÒ¥¶¿Ì–ﬁ∏ƒÕÍ±œ÷±œﬂƒ‚ #
#                    ∫œ\competition0v7725_3_10_15µ„37∑÷C≥µÕºœÒ¥¶¿Ì–ﬁ∏ƒÕÍ±œ÷±œ #
#                    ﬂƒ‚∫œ\Prj\IAR\FN15_Debug\Obj\VCAN_UART.o                 #
#                    C:\Users\86326\Desktop\∑…ø®œ‡πÿ\competition0v7725_3_10_1 #
#                    5µ„37∑÷C≥µÕºœÒ¥¶¿Ì–ﬁ∏ƒÕÍ±œ÷±œﬂƒ‚∫œ\competition0v7725_3_1 #
#                    4_23µ„37∑÷C≥µÕºœÒ¥¶¿Ì–ﬁ∏ƒÕÍ±œ÷±œﬂƒ‚∫œ\competition0v7725_ #
#                    3_10_15µ„37∑÷C≥µÕºœÒ¥¶¿Ì–ﬁ∏ƒÕÍ±œ÷±œﬂƒ‚∫œ\Prj\IAR\FN15_De #
#                    bug\Obj\vectors.o --redirect _Printf=_PrintfLargeNoMb    #
#                    --redirect _Scanf=_ScanfLargeNoMb -o                     #
#                    C:\Users\86326\Desktop\∑…ø®œ‡πÿ\competition0v7725_3_10_1 #
#                    5µ„37∑÷C≥µÕºœÒ¥¶¿Ì–ﬁ∏ƒÕÍ±œ÷±œﬂƒ‚∫œ\competition0v7725_3_1 #
#                    4_23µ„37∑÷C≥µÕºœÒ¥¶¿Ì–ﬁ∏ƒÕÍ±œ÷±œﬂƒ‚∫œ\competition0v7725_ #
#                    3_10_15µ„37∑÷C≥µÕºœÒ¥¶¿Ì–ﬁ∏ƒÕÍ±œ÷±œﬂƒ‚∫œ\Prj\IAR\FN15_De #
#                    bug\Exe\vcan_Kinetis.out --map                           #
#                    C:\Users\86326\Desktop\∑…ø®œ‡πÿ\competition0v7725_3_10_1 #
#                    5µ„37∑÷C≥µÕºœÒ¥¶¿Ì–ﬁ∏ƒÕÍ±œ÷±œﬂƒ‚∫œ\competition0v7725_3_1 #
#                    4_23µ„37∑÷C≥µÕºœÒ¥¶¿Ì–ﬁ∏ƒÕÍ±œ÷±œﬂƒ‚∫œ\competition0v7725_ #
#                    3_10_15µ„37∑÷C≥µÕºœÒ¥¶¿Ì–ﬁ∏ƒÕÍ±œ÷±œﬂƒ‚∫œ\Prj\IAR\FN15_De #
#                    bug\List\vcan_Kinetis.map --config                       #
#                    "C:\Users\86326\Desktop\∑…ø®œ‡πÿ\competition0v7725_3_10_ #
#                    15µ„37∑÷C≥µÕºœÒ¥¶¿Ì–ﬁ∏ƒÕÍ±œ÷±œﬂƒ‚∫œ\competition0v7725_3_ #
#                    14_23µ„37∑÷C≥µÕºœÒ¥¶¿Ì–ﬁ∏ƒÕÍ±œ÷±œﬂƒ‚∫œ\competition0v7725 #
#                    _3_10_15µ„37∑÷C≥µÕºœÒ¥¶¿Ì–ﬁ∏ƒÕÍ±œ÷±œﬂƒ‚∫œ\Prj\IAR\config #
#                     files\vcan_ROM_K60N1M.icf"                              #
#                    C:\Users\86326\Desktop\∑…ø®œ‡πÿ\competition0v7725_3_10_1 #
#                    5µ„37∑÷C≥µÕºœÒ¥¶¿Ì–ﬁ∏ƒÕÍ±œ÷±œﬂƒ‚∫œ\competition0v7725_3_1 #
#                    4_23µ„37∑÷C≥µÕºœÒ¥¶¿Ì–ﬁ∏ƒÕÍ±œ÷±œﬂƒ‚∫œ\competition0v7725_ #
#                    3_10_15µ„37∑÷C≥µÕºœÒ¥¶¿Ì–ﬁ∏ƒÕÍ±œ÷±œﬂƒ‚∫œ\Prj\IAR\..\..\L #
#                    ib\CMSIS\iar_cortexM4l_math.a --entry                    #
#                    __iar_program_start --redirect __write=__write_buffered  #
#                    --vfe                                                    #
#                                                                             #
#                                                                             #
###############################################################################

*******************************************************************************
*** RUNTIME MODEL ATTRIBUTES
***

CppFlavor       = *
__SystemLibrary = DLib


*******************************************************************************
*** PLACEMENT SUMMARY
***

"A1":  place at 0x00000000 { ro section .intvec };
"A2":  place at 0x00000410 { ro section .noinit };
"P1":  place in [from 0x00000000 to 0x00100000] { ro, block CodeRelocate };
"P2":  place in [from 0x1fff0410 to 0x20010000] {
          rw, block CodeRelocateRam, block CSTACK, block HEAP };

  Section              Kind        Address    Size  Object
  -------              ----        -------    ----  ------
"A1":                                        0x410
  .intvec              const    0x00000000   0x410  vectors.o [1]
                              - 0x00000410   0x410

"P1", part 1 of 2:                             0x0
  .rodata              const    0x00000410     0x0  zero_init3.o [5]

"A2":                                          0x8
  .noinit              ro code  0x00000410     0x8  startup_MK60DZ10.o [1]
                              - 0x00000418     0x8

"P1", part 2 of 2:                          0x76d0
  .text                ro code  0x00000418   0xbf2  xprintflarge_nomb.o [3]
  .text                ro code  0x0000100a    0x22  zero_init3.o [5]
  .text                ro code  0x0000102c    0x16  strchr.o [5]
  .rodata              const    0x00001042     0x2  VCAN_computer.o [1]
  .text                ro code  0x00001044    0x36  strlen.o [5]
  .rodata              const    0x0000107a     0x2  VCAN_computer.o [1]
  .text                ro code  0x0000107c    0x58  memchr.o [5]
  .text                ro code  0x000010d4    0xee  I64DivMod.o [5]
  .text                ro code  0x000011c4    0x76  ABImemcpy_unaligned.o [5]
  .text                ro code  0x0000123a    0x42  xdnorm.o [4]
  .text                ro code  0x0000127c    0x2e  DblCmpLe.o [4]
  .text                ro code  0x000012ac   0x1a2  DblMul.o [4]
  .text                ro code  0x00001450   0x246  DblDiv.o [4]
  .text                ro code  0x00001698    0x58  DblToI32.o [4]
  .text                ro code  0x000016f0    0x30  I32ToDbl.o [4]
  .text                ro code  0x00001720   0x180  DblSub.o [4]
  .text                ro code  0x000018a0    0x6c  localeconv.o [3]
  .text                ro code  0x0000190c     0xe  div.o [3]
  .text                ro code  0x0000191c     0x2  I64DivZer.o [5]
  .text                ro code  0x00001920    0xe8  DblAdd.o [4]
  .text                ro code  0x00001a08     0x2  xtls.o [3]
  .data_init                    0x00001a0c   0x8f8  <Block>
    Initializer bytes  ro data  0x00001a0c   0x8f8  <for .data-1>
  .text                ro code  0x00002304   0x890  fuzzy.o [1]
  .text                ro code  0x00002b94    0x2e  DblCmpGe.o [4]
  .text                ro code  0x00002bc4   0x618  VCAN_FreeCar.o [1]
  .text                ro code  0x000031dc   0x354  MK60_uart.o [1]
  .text                ro code  0x00003530    0x50  misc.o [1]
  .text                ro code  0x00003580    0x90  DblToFlt.o [4]
  .text                ro code  0x00003610    0xec  VCAN_PwmMoto.o [1]
  .text                ro code  0x000036fc    0xb0  MK60_port.o [1]
  Veneer               ro code  0x000037ac     0x8  - Linker created -
  Veneer               ro code  0x000037b4     0x8  - Linker created -
  .text                ro code  0x000037bc   0x138  MK60_conf.o [1]
  .text                ro code  0x000038f4   0x5e4  MK60_ftm.o [1]
  .text                ro code  0x00003ed8    0xac  VCAN_LED.o [1]
  .text                ro code  0x00003f84    0x24  printf.o [3]
  .text                ro code  0x00003fa8    0x64  MK60_SysTick.o [1]
  .text                ro code  0x0000400c    0x9c  VCAN_key.o [1]
  .text                ro code  0x000040a8   0x19c  MK60_gpio.o [1]
  .text                ro code  0x00004244   0x514  VCAN_ImageDeal.o [1]
  .text                ro code  0x00004758   0x47c  VCAN_Track.o [1]
  .text                ro code  0x00004bd4   0x1ec  VCAN_Servo.o [1]
  .text                ro code  0x00004dc0    0x4e  FltToDbl.o [4]
  .text                ro code  0x00004e10    0x80  exp.o [4]
  .text                ro code  0x00004e90   0x2be  xexp.o [4]
  .text                ro code  0x0000514e    0x40  xdtest.o [4]
  .text                ro code  0x00005190    0x20  DblCmpEq.o [4]
  .text                ro code  0x000051b0     0xc  errno.o [3]
  .text                ro code  0x000051bc   0x114  xdscale.o [4]
  Veneer               ro code  0x000052d0     0x8  - Linker created -
  .text                ro code  0x000052d8   0x3b8  MK60_mcg.o [1]
  .text                ro code  0x00005690   0x38e  ctrl_pid.o [1]
  .text                ro code  0x00005a20   0x214  ctrl_basic.o [1]
  .text                ro code  0x00005c34   0x362  VCAN_SCCB.o [1]
  .text                ro code  0x00005f98   0x2a8  MK60_dma.o [1]
  .text                ro code  0x00006240   0x254  VCAN_OV7725.o [1]
  CodeRelocate                  0x00006494   0x1f0  <Block>
    Initializer bytes  ro data  0x00006494   0x1f0  <for CodeRelocateRam-1>
  .text                ro code  0x00006684   0x16c  increPid.o [1]
  .text                ro code  0x000067f0   0x144  VCAN_UART.o [1]
  .text                ro code  0x00006934   0x13c  MK60_it.o [1]
  .text                ro code  0x00006a70    0x62  VCAN_Encoder.o [1]
  .text                ro code  0x00006ad4    0xf0  ctrl_control.o [1]
  .text                ro code  0x00006bc4    0xe0  MK60_lptmr.o [1]
  .text                ro code  0x00006ca4   0x130  system_MK60DZ10.o [1]
  .text                ro code  0x00006dd4    0x40  MK60_wdog.o [1]
  .text                ro code  0x00006e14    0xac  main.o [1]
  .text                ro code  0x00006ec0    0x48  VCAN_PIT.o [1]
  .text                ro code  0x00006f08    0x6e  VCAN_NVIC.o [1]
  .text                ro code  0x00006f78    0x40  VCAN_computer.o [1]
  .text                ro code  0x00006fb8    0x7c  MK60_PIT.o [1]
  .rodata              const    0x00007034    0xec  MK60_SysTick.o [1]
  .rodata              const    0x00007120    0xe8  MK60_dma.o [1]
  .rodata              const    0x00007208    0xe8  MK60_flash.o [1]
  .rodata              const    0x000072f0    0xe8  MK60_ftm.o [1]
  .rodata              const    0x000073d8    0xe8  MK60_gpio.o [1]
  .rodata              const    0x000074c0    0xe8  MK60_lptmr.o [1]
  .rodata              const    0x000075a8    0xe8  MK60_PIT.o [1]
  .rodata              const    0x00007690    0xe8  MK60_uart.o [1]
  .rodata              const    0x00007778    0xe4  misc.o [1]
  .rodata              const    0x0000785c    0x3c  MK60_conf.o [1]
  .text                ro code  0x00007898    0x28  data_init.o [5]
  .rodata              const    0x000078c0    0x24  MK60_conf.o [1]
  .rodata              const    0x000078e4    0x24  VCAN_OV7725.o [1]
  .rodata              const    0x00007908    0x24  VCAN_OV7725.o [1]
  .iar.init_table      const    0x0000792c    0x10  - Linker created -
  .rodata              const    0x0000793c    0x20  MK60_conf.o [1]
  .rodata              const    0x0000795c    0x20  VCAN_OV7725.o [1]
  .text                ro code  0x0000797c    0x1a  fpinit_M.o [4]
  .text                ro code  0x00007998    0x1a  cmain.o [5]
  .text                ro code  0x000079b2     0x4  low_level_init.o [3]
  .text                ro code  0x000079b6     0x4  exit.o [3]
  .text                ro code  0x000079bc     0xa  cexit.o [5]
  .text                ro code  0x000079c8     0xc  XXexit.o [5]
  .rodata              const    0x000079d4    0x18  VCAN_OV7725.o [1]
  .rodata              const    0x000079ec    0x18  VCAN_OV7725.o [1]
  .text                ro code  0x00007a04    0x16  xprout.o [3]
  .text                ro code  0x00007a1c     0xc  putchar.o [3]
  .rodata              const    0x00007a28    0x14  MK60_conf.o [1]
  .rodata              const    0x00007a3c    0x14  VCAN_OV7725.o [1]
  .text                ro code  0x00007a50     0xc  cstartup_M.o [5]
  Initializer bytes    ro data  0x00007a5c    0x8c  <for P2 s0>
                              - 0x00007ae8  0x76d0

"P2", part 1 of 3:                           0xae8
  .data                         0x1fff0410   0x8f8  <Block>
    .data-1                     0x1fff0410   0x8f8  <Init block>
      .data            inited   0x1fff0410     0x1  ctrl_control.o [1]
      .data            inited   0x1fff0414    0x10  fuzzy.o [1]
      .data            inited   0x1fff0424    0x10  fuzzy.o [1]
      .data            inited   0x1fff0434    0x10  fuzzy.o [1]
      .data            inited   0x1fff0444    0x34  fuzzy.o [1]
      .data            inited   0x1fff0478   0x708  MK60_conf.o [1]
      .data            inited   0x1fff0b80    0x10  MK60_ftm.o [1]
      .data            inited   0x1fff0b90    0x14  MK60_gpio.o [1]
      .data            inited   0x1fff0ba4    0x58  MK60_mcg.o [1]
      .data            inited   0x1fff0bfc     0x4  MK60_mcg.o [1]
      .data            inited   0x1fff0c00    0x14  MK60_port.o [1]
      .data            inited   0x1fff0c14    0x18  MK60_uart.o [1]
      .data            inited   0x1fff0c2c     0x1  VCAN_FreeCar.o [1]
      .data            inited   0x1fff0c2d     0x1  VCAN_FreeCar.o [1]
      .data            inited   0x1fff0c2e     0x2  VCAN_ImageDeal.o [1]
      .data            inited   0x1fff0c30     0x8  VCAN_key.o [1]
      .data            inited   0x1fff0c38     0x4  VCAN_LED.o [1]
      .data            inited   0x1fff0c3c     0x1  VCAN_OV7725.o [1]
      .data            inited   0x1fff0c3d     0x1  VCAN_OV7725.o [1]
      .data            inited   0x1fff0c40    0x64  VCAN_OV7725.o [1]
      .data            inited   0x1fff0ca4     0x1  VCAN_OV7725.o [1]
      .data            inited   0x1fff0ca8     0x4  VCAN_Track.o [1]
      .data            inited   0x1fff0cb0    0x18  VCAN_Track.o [1]
      .data            inited   0x1fff0cc8    0x40  xfiles.o [3]
  CodeRelocateRam               0x1fff0d08   0x1f0  <Block>
    CodeRelocateRam-1           0x1fff0d08   0x1f0  <Init block>
      Veneer           inited   0x1fff0d08     0x8  - Linker created -
      Veneer           inited   0x1fff0d10     0x8  - Linker created -
      .textrw          inited   0x1fff0d18   0x190  MK60_flash.o [1]
      .textrw          inited   0x1fff0ea8    0x50  MK60_mcg.o [1]
                              - 0x1fff0ef8   0xae8

"P2", part 2 of 3:                          0x32ac
  .bss                          0x1fff0ef8  0x32aa  <Block>
    .bss               zero     0x1fff0ef8     0x8  ctrl_basic.o [1]
    .bss               zero     0x1fff0f00     0x8  fuzzy.o [1]
    .bss               zero     0x1fff0f08    0x10  fuzzy.o [1]
    .bss               zero     0x1fff0f18    0x10  fuzzy.o [1]
    .bss               zero     0x1fff0f28    0x20  fuzzy.o [1]
    .bss               zero     0x1fff0f48     0x8  fuzzy.o [1]
    .bss               zero     0x1fff0f50     0x8  fuzzy.o [1]
    .bss               zero     0x1fff0f58    0x48  VCAN_FreeCar.o [1]
    .bss               zero     0x1fff0fa0   0x320  VCAN_Servo.o [1]
    .bss               zero     0x1fff12c0    0x50  ctrl_basic.o [1]
    .bss               zero     0x1fff1310   0x1bc  ctrl_pid.o [1]
    .bss               zero     0x1fff14cc     0x8  fuzzy.o [1]
    .bss               zero     0x1fff14d4    0x10  MK60_ftm.o [1]
    .bss               zero     0x1fff14e4     0x4  system_MK60DZ10.o [1]
    .bss               zero     0x1fff14e8     0x4  system_MK60DZ10.o [1]
    .bss               zero     0x1fff14ec     0x4  system_MK60DZ10.o [1]
    .bss               zero     0x1fff14f0     0x4  VCAN_Encoder.o [1]
    .bss               zero     0x1fff14f4     0x4  VCAN_Encoder.o [1]
    .bss               zero     0x1fff14f8    0x24  VCAN_FreeCar.o [1]
    .bss               zero     0x1fff151c    0x6c  VCAN_FreeCar.o [1]
    .bss               zero     0x1fff1588   0x100  VCAN_FreeCar.o [1]
    .bss               zero     0x1fff1688    0x1c  VCAN_ImageDeal.o [1]
    .bss               zero     0x1fff16a4     0x4  VCAN_ImageDeal.o [1]
    .bss               zero     0x1fff16a8     0x4  VCAN_OV7725.o [1]
    .bss               zero     0x1fff16ac  0x2580  VCAN_OV7725.o [1]
    .bss               zero     0x1fff3c2c   0x1e0  VCAN_Track.o [1]
    .bss               zero     0x1fff3e0c   0x1e0  VCAN_Track.o [1]
    .bss               zero     0x1fff3fec     0x4  VCAN_Track.o [1]
    .bss               zero     0x1fff3ff0     0x4  VCAN_Track.o [1]
    .bss               zero     0x1fff3ff4     0x4  VCAN_Track.o [1]
    .bss               zero     0x1fff3ff8     0x4  VCAN_Track.o [1]
    .bss               zero     0x1fff3ffc    0x2c  VCAN_Track.o [1]
    .bss               zero     0x1fff4028   0x100  VCAN_UART.o [1]
    .bss               zero     0x1fff4128    0x10  VCAN_UART.o [1]
    .bss               zero     0x1fff4138    0x50  xfiles.o [3]
    .bss               zero     0x1fff4188     0x2  MK60_it.o [1]
    .bss               zero     0x1fff418a     0x2  MK60_it.o [1]
    .bss               zero     0x1fff418c     0x2  MK60_it.o [1]
    .bss               zero     0x1fff418e     0x2  MK60_it.o [1]
    .bss               zero     0x1fff4190     0x2  MK60_it.o [1]
    .bss               zero     0x1fff4192     0x2  VCAN_Track.o [1]
    .bss               zero     0x1fff4194     0x2  VCAN_Track.o [1]
    .bss               zero     0x1fff4196     0x1  ctrl_control.o [1]
    .bss               zero     0x1fff4197     0x1  fuzzy.o [1]
    .bss               zero     0x1fff4198     0x1  fuzzy.o [1]
    .bss               zero     0x1fff4199     0x1  main.o [1]
    .bss               zero     0x1fff419a     0x1  VCAN_FreeCar.o [1]
    .bss               zero     0x1fff419b     0x1  VCAN_FreeCar.o [1]
    .bss               zero     0x1fff419c     0x1  VCAN_Track.o [1]
    .bss               zero     0x1fff419d     0x1  VCAN_Track.o [1]
    .bss               zero     0x1fff419e     0x1  VCAN_Track.o [1]
    .bss               zero     0x1fff419f     0x1  VCAN_UART.o [1]
    .bss               zero     0x1fff41a0     0x1  VCAN_UART.o [1]
    .bss               zero     0x1fff41a1     0x1  VCAN_UART.o [1]
                              - 0x1fff41a2  0x32aa

"P2", part 3 of 3:                            0x8c
  P2 s0                         0x1fff41a4    0x8c  <Init block>
    __DLIB_PERTHREAD   inited   0x1fff41a4    0x88  localeconv.o [3]
    __DLIB_PERTHREAD   inited   0x1fff422c     0x4  errno.o [3]
                              - 0x1fff4230    0x8c


*******************************************************************************
*** INIT TABLE
***

          Address     Size
          -------     ----
Zero (__iar_zero_init3)
    1 destination range, total size 0x32aa:
          0x1fff0ef8  0x32aa



*******************************************************************************
*** MODULE SUMMARY
***

    Module                 ro code  rw code  ro data  rw data
    ------                 -------  -------  -------  -------
C:\Users\86326\Desktop\∑…ø®œ‡πÿ\competition0v7725_3_10_15µ„37∑÷C≥µÕºœÒ¥¶¿Ì–ﬁ∏ƒÕÍ±œ÷±œﬂƒ‚∫œ\competition0v7725_3_14_23µ„37∑÷C≥µÕºœÒ¥¶¿Ì–ﬁ∏ƒÕÍ±œ÷±œﬂƒ‚∫œ\competition0v7725_3_10_15µ„37∑÷C≥µÕºœÒ¥¶¿Ì–ﬁ∏ƒÕÍ±œ÷±œﬂƒ‚∫œ\Prj\IAR\FN15_Debug\Obj: [1]
    MK60_PIT.o                 124               232
    MK60_SysTick.o             100               236
    MK60_conf.o                312             1 948    1 800
    MK60_dma.o                 680               232
    MK60_flash.o                        400      632
    MK60_ftm.o               1 508               248       32
    MK60_gpio.o                412               252       20
    MK60_it.o                  316                         10
    MK60_lptmr.o               224               232
    MK60_mcg.o                 952       80      172       92
    MK60_port.o                176                20       20
    MK60_uart.o                852               256       24
    MK60_wdog.o                 64
    VCAN_Encoder.o              98                          8
    VCAN_FreeCar.o           1 560                 2      476
    VCAN_ImageDeal.o         1 300                 2       34
    VCAN_LED.o                 172                 4        4
    VCAN_NVIC.o                110
    VCAN_OV7725.o              596               277    9 707
    VCAN_PIT.o                  72
    VCAN_PwmMoto.o             236
    VCAN_SCCB.o                866
    VCAN_Servo.o               492                        800
    VCAN_Track.o             1 148                35    1 055
    VCAN_UART.o                324                        275
    VCAN_computer.o             64                 4
    VCAN_key.o                 156                 8        8
    ctrl_basic.o               532                         88
    ctrl_control.o             240                 1        2
    ctrl_pid.o                 910                        444
    fuzzy.o                  2 192               103      198
    increPid.o                 364
    main.o                     172                          1
    misc.o                      80               228
    startup_MK60DZ10.o           8
    system_MK60DZ10.o          304                         12
    vectors.o                                  1 040
    ---------------------------------------------------------
    Total:                  17 716      480    6 164   15 110

command line: [2]
    ---------------------------------------------------------
    Total:

dl7M_tlf.a: [3]
    div.o                       14
    errno.o                     12                 4        4
    exit.o                       4
    localeconv.o               108               136      136
    low_level_init.o             4
    printf.o                    36
    putchar.o                   12
    xfiles.o                                      64      144
    xprintflarge_nomb.o      3 058
    xprout.o                    22
    xtls.o                       2
    ---------------------------------------------------------
    Total:                   3 272               204      284

m7M_tlv.a: [4]
    DblAdd.o                   232
    DblCmpEq.o                  32
    DblCmpGe.o                  46
    DblCmpLe.o                  46
    DblDiv.o                   582
    DblMul.o                   418
    DblSub.o                   384
    DblToFlt.o                 144
    DblToI32.o                  88
    FltToDbl.o                  78
    I32ToDbl.o                  48
    exp.o                      128
    fpinit_M.o                  26
    xdnorm.o                    66
    xdscale.o                  276
    xdtest.o                    64
    xexp.o                     702
    ---------------------------------------------------------
    Total:                   3 360

rt7M_tl.a: [5]
    ABImemcpy_unaligned.o      118
    I64DivMod.o                238
    I64DivZer.o                  2
    XXexit.o                    12
    cexit.o                     10
    cmain.o                     26
    cstartup_M.o                12
    data_init.o                 40
    memchr.o                    88
    strchr.o                    22
    strlen.o                    54
    zero_init3.o                34
    ---------------------------------------------------------
    Total:                     656

    Gaps                        34                         12
    Linker created              24       16       32
-------------------------------------------------------------
    Grand Total:            25 062      496    6 400   15 406


*******************************************************************************
*** ENTRY LIST
***

Entry                      Address    Size  Type      Object
-----                      -------    ----  ----      ------
.bss$$Base              0x1fff0ef8           --   Gb  - Linker created -
.bss$$Limit             0x1fff41a2           --   Gb  - Linker created -
.data$$Base             0x1fff0410           --   Gb  - Linker created -
.data$$Limit            0x1fff0d08           --   Gb  - Linker created -
.data_init$$Base        0x00001a0c           --   Gb  - Linker created -
.data_init$$Limit       0x00002304           --   Gb  - Linker created -
?main                   0x00007999          Code  Gb  cmain.o [5]
ASSERT_FAILED_STR       0x000078c0    0x24  Data  Gb  MK60_conf.o [1]
Abs                     0x00005a3b    0x10  Code  Gb  ctrl_basic.o [1]
CarSpeedSet             0x1fff3ff4     0x4  Data  Gb  VCAN_Track.o [1]
ChangePidAccordingToError
                        0x00006b05    0x26  Code  Gb  ctrl_control.o [1]
CodeRelocate$$Base      0x00006494           --   Gb  - Linker created -
CodeRelocate$$Limit     0x00006684           --   Gb  - Linker created -
CodeRelocateRam$$Base   0x1fff0d08           --   Gb  - Linker created -
CodeRelocateRam$$Limit  0x1fff0ef8           --   Gb  - Linker created -
Constraint              0x00005a4b    0x32  Code  Gb  ctrl_basic.o [1]
Constraint_By_Abs       0x00005a7d    0x20  Code  Gb  ctrl_basic.o [1]
DMA0_IRQHandler         0x00006a69     0x8  Code  Gb  MK60_it.o [1]
DataFilter              0x00005aa1    0xd6  Code  Gb  ctrl_basic.o [1]
Data_Quick_Sort         0x00005b85    0xb0  Code  Gb  ctrl_basic.o [1]
Dof_PID_Init_Similar_Parameter
                        0x0000599d    0x82  Code  Lc  ctrl_pid.o [1]
Dof_PID_Update_Calculate
                        0x000057a3    0x5c  Code  Gb  ctrl_pid.o [1]
EN_Track                0x1fff0410     0x1  Data  Gb  ctrl_control.o [1]
En_Update_PID           0x1fff4196     0x1  Data  Gb  ctrl_control.o [1]
FTMN                    0x1fff0b80    0x10  Data  Gb  MK60_ftm.o [1]
FTM_port_mux            0x000038f5   0x1ac  Code  Lc  MK60_ftm.o [1]
Fill_Mem                0x00005a21    0x1a  Code  Gb  ctrl_basic.o [1]
FindLineDot             0x00004575   0x1e4  Code  Gb  VCAN_ImageDeal.o [1]
FreeCarRecDeal          0x00002be9   0x286  Code  Gb  VCAN_FreeCar.o [1]
FreeCarsDataNum         0x1fff0c2c     0x1  Data  Gb  VCAN_FreeCar.o [1]
FuzzySpeedValue         0x1fff3ff0     0x4  Data  Gb  VCAN_Track.o [1]
GPIOX                   0x1fff0b90    0x14  Data  Gb  MK60_gpio.o [1]
GetLeftSpeed            0x00006a91    0x16  Code  Gb  VCAN_Encoder.o [1]
GetRecordValueX         0x000049dd    0x42  Code  Gb  VCAN_Track.o [1]
GetRightSpeed           0x00006aa7    0x2c  Code  Gb  VCAN_Encoder.o [1]
Host_communication_Init
                        0x00006ea9    0x18  Code  Gb  main.o [1]
ImaPointChange          0x00004557     0xe  Code  Gb  VCAN_ImageDeal.o [1]
ImaegDecideDeal         0x00006e59    0x3e  Code  Gb  main.o [1]
Image_Deal              0x00004245     0x8  Code  Gb  VCAN_ImageDeal.o [1]
InitEncoder             0x00006a71    0x20  Code  Gb  VCAN_Encoder.o [1]
InitFreeCar             0x00002bc5    0x24  Code  Gb  VCAN_FreeCar.o [1]
InitNvic                0x00006f59    0x1e  Code  Gb  VCAN_NVIC.o [1]
InitPit                 0x00006ed9    0x22  Code  Gb  VCAN_PIT.o [1]
InitPwmMoto             0x00003611    0x3c  Code  Gb  VCAN_PwmMoto.o [1]
InitServo               0x00004bd5    0x12  Code  Gb  VCAN_Servo.o [1]
InitUart3               0x000067f1    0x24  Code  Gb  VCAN_UART.o [1]
IsCarQuicken            0x0000499b    0x12  Code  Gb  VCAN_Track.o [1]
IsCarTurn               0x0000494f    0x4c  Code  Gb  VCAN_Track.o [1]
IsLightChange           0x000049ad    0x30  Code  Gb  VCAN_Track.o [1]
KEY_PTxn                0x1fff0c30     0x8  Data  Gb  VCAN_key.o [1]
LED_PTxn                0x1fff0c38     0x4  Data  Gb  VCAN_LED.o [1]
LightDir                0x1fff3ffc    0x2c  Data  Gb  VCAN_Track.o [1]
Light_Flag_t            0x1fff16a4     0x4  Data  Gb  VCAN_ImageDeal.o [1]
Light_t                 0x1fff1688    0x1c  Data  Gb  VCAN_ImageDeal.o [1]
MotoLeftSpeed           0x1fff14f0     0x4  Data  Gb  VCAN_Encoder.o [1]
MotoRightSpeed          0x1fff14f4     0x4  Data  Gb  VCAN_Encoder.o [1]
MotorLeft_Control       0x000036a3    0x56  Code  Gb  VCAN_PwmMoto.o [1]
MotorRight_Control      0x0000364d    0x56  Code  Gb  VCAN_PwmMoto.o [1]
MyFuzzy                 0x000048e5    0x6a  Code  Gb  VCAN_Track.o [1]
NVIC_DisableIRQ         0x000031f7    0x1a  Code  Lc  MK60_uart.o [1]
NVIC_DisableIRQ         0x00006259    0x18  Code  Lc  VCAN_OV7725.o [1]
NVIC_EnableIRQ          0x00005f99    0x18  Code  Lc  MK60_dma.o [1]
NVIC_EnableIRQ          0x000031dd    0x1a  Code  Lc  MK60_uart.o [1]
NVIC_EnableIRQ          0x00006241    0x18  Code  Lc  VCAN_OV7725.o [1]
NVIC_EnableIRQ          0x00006ec1    0x18  Code  Lc  VCAN_PIT.o [1]
NVIC_SetPriority        0x00006f27    0x22  Code  Lc  VCAN_NVIC.o [1]
NVIC_SetPriorityGrouping
                        0x00006f09    0x1e  Code  Lc  VCAN_NVIC.o [1]
NVIC_SystemReset        0x000037bd    0x1a  Code  Lc  MK60_conf.o [1]
Obstacle_avoidance      0x00004b1f    0x3c  Code  Gb  VCAN_Track.o [1]
Obstacle_t              0x1fff3ff8     0x4  Data  Gb  VCAN_Track.o [1]
PD                      0x1fff4198     0x1  Data  Gb  fuzzy.o [1]
PE                      0x1fff4197     0x1  Data  Gb  fuzzy.o [1]
PID_Parameter_Init      0x0000589d    0xca  Code  Gb  ctrl_pid.o [1]
PID_Update_Error        0x00005703    0xa0  Code  Gb  ctrl_pid.o [1]
PID_Update_Out          0x00005801    0x9c  Code  Gb  ctrl_pid.o [1]
PID_Update_Sample       0x00005691    0x72  Code  Gb  ctrl_pid.o [1]
PIT0_IRQHandler         0x00006935    0xd4  Code  Gb  MK60_it.o [1]
PORTA_IRQHandler        0x00006a09    0x2a  Code  Gb  MK60_it.o [1]
PORTX                   0x1fff0c00    0x14  Data  Gb  MK60_port.o [1]
Page0_debug             0x00002ff3    0x20  Code  Gb  VCAN_FreeCar.o [1]
Page1_debug             0x00003013    0x24  Code  Gb  VCAN_FreeCar.o [1]
Page2_debug             0x00003037     0x2  Code  Gb  VCAN_FreeCar.o [1]
Page3_debug             0x00003039     0x2  Code  Gb  VCAN_FreeCar.o [1]
Para_Init               0x0000424d    0x46  Code  Gb  VCAN_ImageDeal.o [1]
ReceiveMsgFromSecond    0x00006867    0xb0  Code  Gb  VCAN_UART.o [1]
Region$$Table$$Base     0x0000792c           --   Gb  - Linker created -
Region$$Table$$Limit    0x0000793c           --   Gb  - Linker created -
Reset_Handler           0x00000411          Code  Gb  startup_MK60DZ10.o [1]
SCCB_Ack                0x00005d09    0x3c  Code  Lc  VCAN_SCCB.o [1]
SCCB_GPIO_init          0x00005c4f    0x28  Code  Gb  VCAN_SCCB.o [1]
SCCB_NoAck              0x00005d45    0x3c  Code  Lc  VCAN_SCCB.o [1]
SCCB_ReadByte           0x00005ee5    0x2c  Code  Gb  VCAN_SCCB.o [1]
SCCB_ReadByte_one       0x00005f11    0x86  Code  Lc  VCAN_SCCB.o [1]
SCCB_ReceiveByte        0x00005e11    0x54  Code  Lc  VCAN_SCCB.o [1]
SCCB_SendByte           0x00005dcd    0x44  Code  Lc  VCAN_SCCB.o [1]
SCCB_Start              0x00005c77    0x5e  Code  Lc  VCAN_SCCB.o [1]
SCCB_Stop               0x00005cd5    0x34  Code  Lc  VCAN_SCCB.o [1]
SCCB_WaitAck            0x00005d81    0x4c  Code  Lc  VCAN_SCCB.o [1]
SCCB_WriteByte          0x00005e75    0x28  Code  Gb  VCAN_SCCB.o [1]
SCCB_WriteByte_one      0x00005e9d    0x48  Code  Lc  VCAN_SCCB.o [1]
SCCB_delay              0x00005c35    0x1a  Code  Lc  VCAN_SCCB.o [1]
Seach_Car_XY            0x00004293   0x2c4  Code  Gb  VCAN_ImageDeal.o [1]
Send_Flag               0x1fff4199     0x1  Data  Gb  main.o [1]
SerialPortRx            0x1fff151c    0x6c  Data  Gb  VCAN_FreeCar.o [1]
SetServoDuty            0x00004be7    0x32  Code  Gb  VCAN_Servo.o [1]
SpdAct                  0x1fff419e     0x1  Data  Gb  VCAN_Track.o [1]
SysCtrl_Update_PID      0x00006ad5    0x2e  Code  Gb  ctrl_control.o [1]
SysCtrl_Update_PID_Calculate
                        0x00006b4f     0xa  Code  Gb  ctrl_control.o [1]
SysCtrl_Update_PID_Change
                        0x00006b59    0x46  Code  Gb  ctrl_control.o [1]
SysCtrl_Update_PID_Error
                        0x00006b43     0xc  Code  Gb  ctrl_control.o [1]
SysCtrl_Update_PID_Sample
                        0x00006b2b    0x18  Code  Gb  ctrl_control.o [1]
SysPID                  0x1fff1310   0x1bc  Data  Gb  ctrl_pid.o [1]
Track                   0x00004759   0x18c  Code  Gb  VCAN_Track.o [1]
Tx1Buffer               0x1fff1588   0x100  Data  Gb  VCAN_FreeCar.o [1]
Tx1Counter              0x1fff419a     0x1  Data  Gb  VCAN_FreeCar.o [1]
Tx3Buffer               0x1fff4028   0x100  Data  Gb  VCAN_UART.o [1]
Tx3Counter              0x1fff419f     0x1  Data  Gb  VCAN_UART.o [1]
UARTN                   0x1fff0c14    0x18  Data  Gb  MK60_uart.o [1]
UartCmd                 0x00003073    0x70  Code  Gb  VCAN_FreeCar.o [1]
UartData                0x1fff0f58    0x48  Data  Gb  VCAN_FreeCar.o [1]
UartDebug               0x0000303b    0x38  Code  Gb  VCAN_FreeCar.o [1]
Uart_Send               0x0000314f    0x4a  Code  Gb  VCAN_FreeCar.o [1]
UpdataPidIcerment       0x00006685   0x16c  Code  Gb  increPid.o [1]
_GenldLargeNoMb         0x00000d8d   0x234  Code  Lc  xprintflarge_nomb.o [3]
_LdtobLargeNoMb         0x00000b09   0x27e  Code  Lc  xprintflarge_nomb.o [3]
_LitobLargeNoMb         0x000009f5   0x10c  Code  Lc  xprintflarge_nomb.o [3]
_Locale_aeabi_lconv     0x1fff41f4    0x38  Data  Gb  localeconv.o [3]
_Locale_lconv           0x1fff41a4    0x50  Data  Gb  localeconv.o [3]
_PrintfLargeNoMb        0x00000419   0x5d6  Code  Gb  xprintflarge_nomb.o [3]
_Prout                  0x00007a05    0x16  Code  Gb  xprout.o [3]
_PutcharsLargeNoMb      0x00000fc1    0x2e  Code  Lc  xprintflarge_nomb.o [3]
__BOOT_STACK_ADDRESS {Abs}
                        0x2000fff8           --   Gb  command line/config [2]
__VECTOR_RAM {Abs}      0x1fff0000           --   Gb  command line/config [2]
__VECTOR_TABLE {Abs}    0x00000000           --   Gb  command line/config [2]
__aeabi_cdcmpeq         0x00005191          Code  Gb  DblCmpEq.o [4]
__aeabi_cdcmple         0x0000127d          Code  Gb  DblCmpLe.o [4]
__aeabi_cdrcmple        0x00002b95          Code  Gb  DblCmpGe.o [4]
__aeabi_d2f             0x00003581          Code  Gb  DblToFlt.o [4]
__aeabi_d2iz            0x00001699          Code  Gb  DblToI32.o [4]
__aeabi_d2uiz           0x000016c5          Code  Gb  DblToI32.o [4]
__aeabi_dadd            0x00001921          Code  Gb  DblAdd.o [4]
__aeabi_ddiv            0x00001451          Code  Gb  DblDiv.o [4]
__aeabi_dmul            0x000012ad          Code  Gb  DblMul.o [4]
__aeabi_dsub            0x00001721          Code  Gb  DblSub.o [4]
__aeabi_errno_addr      0x000051b1     0x6  Code  Gb  errno.o [3]
__aeabi_f2d             0x00004dc1          Code  Gb  FltToDbl.o [4]
__aeabi_i2d             0x000016f1          Code  Gb  I32ToDbl.o [4]
__aeabi_ldiv0           0x0000191d          Code  Gb  I64DivZer.o [5]
__aeabi_ui2d            0x00001705          Code  Gb  I32ToDbl.o [4]
__aeabi_uldivmod        0x000010d5          Code  Gb  I64DivMod.o [5]
__cmain                 0x00007999          Code  Gb  cmain.o [5]
__code_start__ {Abs}    0x00000410           --   Gb  command line/config [2]
__exit                  0x000079c9          Code  Gb  XXexit.o [5]
__iar_Dnorm             0x0000123b    0x42  Code  Gb  xdnorm.o [4]
__iar_Dscale            0x000051bd   0x114  Code  Gb  xdscale.o [4]
__iar_Dtest             0x0000514f    0x30  Code  Gb  xdtest.o [4]
__iar_Errno             0x1fff422c     0x4  Data  Gb  errno.o [3]
__iar_Exp               0x00004e91   0x2b6  Code  Gb  xexp.o [4]
__iar_Locale_lconv_init
                        0x000018a1    0x3a  Code  Gb  localeconv.o [3]
__iar_Memchr            0x0000107d          Code  Gb  memchr.o [5]
__iar_Stdout            0x1fff0cc8    0x40  Data  Gb  xfiles.o [3]
__iar_Strchr            0x0000102d          Code  Gb  strchr.o [5]
__iar_d2uiz             0x000016d1          Code  Gb  DblToI32.o [4]
__iar_dadd              0x00001935          Code  Gb  DblAdd.o [4]
__iar_data_init3        0x00007899    0x28  Code  Gb  data_init.o [5]
__iar_dlib_perthread_access
                        0x00001a09     0x2  Code  Gb  xtls.o [3]
__iar_dsub              0x00001735          Code  Gb  DblSub.o [4]
__iar_dsubStart         0x00001747          Code  Gb  DblSub.o [4]
__iar_init_vfp          0x0000797d          Code  Gb  fpinit_M.o [4]
__iar_program_start     0x00007a51          Code  Gb  cstartup_M.o [5]
__iar_ui2d              0x00001709          Code  Gb  I32ToDbl.o [4]
__iar_unaligned___aeabi_memcpy
                        0x000011c5          Code  Gb  ABImemcpy_unaligned.o [5]
__iar_unaligned___aeabi_memcpy4
                        0x000011e5          Code  Gb  ABImemcpy_unaligned.o [5]
__iar_unaligned___aeabi_memcpy8
                        0x000011e5          Code  Gb  ABImemcpy_unaligned.o [5]
__iar_vfp_exp           0x00004e81    0x10  Code  Gb  exp.o [4]
__iar_zero_init3        0x0000100b    0x22  Code  Gb  zero_init3.o [5]
__low_level_init        0x000079b3     0x4  Code  Gb  low_level_init.o [3]
__vector_table          0x00000000   0x410  Data  Gb  vectors.o [1]
_call_main              0x000079a5          Code  Gb  cmain.o [5]
_exit                   0x000079bd          Code  Gb  cexit.o [5]
_main                   0x000079af          Code  Gb  cmain.o [5]
assert_failed           0x000037d7    0x26  Code  Gb  MK60_conf.o [1]
barrier_flag            0x1fff419c     0x1  Data  Gb  VCAN_Track.o [1]
beaconAim_L             0x1fff3c2c   0x1e0  Data  Gb  VCAN_Track.o [1]
beaconAim_R             0x1fff3e0c   0x1e0  Data  Gb  VCAN_Track.o [1]
bus_clk_khz             0x1fff14ec     0x4  Data  Gb  system_MK60DZ10.o [1]
common_startup          0x00006d03    0x98  Code  Gb  system_MK60DZ10.o [1]
core_clk_khz            0x1fff14e4     0x4  Data  Gb  system_MK60DZ10.o [1]
core_clk_mhz            0x1fff14e8     0x4  Data  Gb  system_MK60DZ10.o [1]
count1                  0x1fff419b     0x1  Data  Gb  VCAN_FreeCar.o [1]
count3                  0x1fff41a0     0x1  Data  Gb  VCAN_UART.o [1]
currentLight            0x1fff419d     0x1  Data  Gb  VCAN_Track.o [1]
dFuzzy                  0x1fff0f18    0x10  Data  Gb  fuzzy.o [1]
dRule                   0x1fff0424    0x10  Data  Gb  fuzzy.o [1]
default_isr             0x000038ab    0x2a  Code  Gb  MK60_conf.o [1]
differential_Init       0x00004c19    0x78  Code  Gb  VCAN_Servo.o [1]
div                     0x0000190d     0xe  Code  Gb  div.o [3]
dma_gpio_input_init     0x00005fb1    0x5c  Code  Lc  MK60_dma.o [1]
dma_portx2buff_init     0x0000600d   0x1fc  Code  Gb  MK60_dma.o [1]
eFuzzy                  0x1fff0f08    0x10  Data  Gb  fuzzy.o [1]
eRule                   0x1fff0414    0x10  Data  Gb  fuzzy.o [1]
exit                    0x000079b7     0x4  Code  Gb  exit.o [3]
exp                     0x00004e11    0x62  Code  Gb  exp.o [4]
flash_cmd               0x1fff0d19    0x20  Code  Gb  MK60_flash.o [1]
flash_erase_sector      0x1fff0d5d    0x5c  Code  Gb  MK60_flash.o [1]
flash_init              0x1fff0d39    0x24  Code  Gb  MK60_flash.o [1]
flash_write             0x1fff0db9    0xb4  Code  Gb  MK60_flash.o [1]
fputc                   0x000037fd    0x14  Code  Gb  MK60_conf.o [1]
ftm_mod                 0x1fff14d4    0x10  Data  Lc  MK60_ftm.o [1]
ftm_pwm_duty            0x00003c4b   0x11a  Code  Gb  MK60_ftm.o [1]
ftm_pwm_init            0x00003aa1   0x1aa  Code  Gb  MK60_ftm.o [1]
ftm_quad_clean          0x00003e97    0x28  Code  Gb  MK60_ftm.o [1]
ftm_quad_get            0x00003e6b    0x2c  Code  Gb  MK60_ftm.o [1]
ftm_quad_init           0x00003d65   0x106  Code  Gb  MK60_ftm.o [1]
fuzzy_Speed             0x00002305   0x890  Code  Gb  fuzzy.o [1]
fuzzy_Temp              0x1fff0f48     0x8  Data  Gb  fuzzy.o [1]
goAroundBuffer          0x1fff0cb0    0x18  Data  Gb  VCAN_Track.o [1]
goAroundSpeed           0x1fff0ca8     0x4  Data  Gb  VCAN_Track.o [1]
gpio_get                0x00004201    0x3a  Code  Gb  MK60_gpio.o [1]
gpio_init               0x000040a9    0xae  Code  Gb  MK60_gpio.o [1]
gpio_set                0x00004157    0x72  Code  Gb  MK60_gpio.o [1]
gpio_turn               0x000041c9    0x38  Code  Gb  MK60_gpio.o [1]
imgDealOk               0x1fff0c3c     0x1  Data  Gb  VCAN_OV7725.o [1]
imgbuff                 0x1fff16ac  0x2580  Data  Gb  VCAN_OV7725.o [1]
key_check               0x00004079    0x2a  Code  Gb  VCAN_key.o [1]
key_get                 0x0000405f    0x1a  Code  Gb  VCAN_key.o [1]
key_init                0x0000400d    0x52  Code  Gb  VCAN_key.o [1]
led                     0x00003f13    0x3c  Code  Gb  VCAN_LED.o [1]
led_init                0x00003ed9    0x3a  Code  Gb  VCAN_LED.o [1]
led_turn                0x00003f4f    0x32  Code  Gb  VCAN_LED.o [1]
localeconv              0x000018db    0x16  Code  Gb  localeconv.o [3]
lptmr_pulse_clean       0x00006c6f    0x1a  Code  Gb  MK60_lptmr.o [1]
lptmr_pulse_get         0x00006c4f    0x20  Code  Gb  MK60_lptmr.o [1]
lptmr_pulse_init        0x00006bc5    0x8a  Code  Gb  MK60_lptmr.o [1]
main                    0x00006e15    0x44  Code  Gb  main.o [1]
mcg_cfg                 0x1fff0ba4    0x58  Data  Gb  MK60_mcg.o [1]
mcg_div                 0x1fff0bfc     0x4  Data  Gb  MK60_mcg.o [1]
mcg_div_count           0x000052d9   0x2ea  Code  Gb  MK60_mcg.o [1]
memchr                  0x0000107d          Code  Gb  memchr.o [5]
nowServoCtrValue        0x1fff3fec     0x4  Data  Gb  VCAN_Track.o [1]
obuf                    0x1fff4138    0x50  Data  Lc  xfiles.o [3]
ov7725_eagle_cfgnum     0x1fff0ca4     0x1  Data  Gb  VCAN_OV7725.o [1]
ov7725_eagle_dma        0x00006339    0x14  Code  Gb  VCAN_OV7725.o [1]
ov7725_eagle_get_img    0x0000634d    0x42  Code  Gb  VCAN_OV7725.o [1]
ov7725_eagle_img_buff   0x1fff16a8     0x4  Data  Gb  VCAN_OV7725.o [1]
ov7725_eagle_img_flag   0x1fff0c3d     0x1  Data  Gb  VCAN_OV7725.o [1]
ov7725_eagle_init       0x00006271    0x28  Code  Gb  VCAN_OV7725.o [1]
ov7725_eagle_port_init  0x00006299    0x54  Code  Lc  VCAN_OV7725.o [1]
ov7725_eagle_reg        0x1fff0c40    0x64  Data  Gb  VCAN_OV7725.o [1]
ov7725_eagle_reg_init   0x0000638f    0xb0  Code  Lc  VCAN_OV7725.o [1]
ov7725_eagle_vsync      0x000062ed    0x4c  Code  Gb  VCAN_OV7725.o [1]
pit_init                0x00006fb9    0x6c  Code  Gb  MK60_PIT.o [1]
pll_init                0x000055c3    0xb2  Code  Gb  MK60_mcg.o [1]
port_init               0x000036fd    0x44  Code  Gb  MK60_port.o [1]
port_init_NoALT         0x00003741    0x62  Code  Gb  MK60_port.o [1]
printf                  0x00003f85    0x24  Code  Gb  printf.o [3]
push                    0x00002e6f    0x30  Code  Gb  VCAN_FreeCar.o [1]
putchar                 0x00007a1d     0xc  Code  Gb  putchar.o [3]
road_ValueInit          0x00004a99    0x86  Code  Gb  VCAN_Track.o [1]
rule_Temp               0x1fff0f50     0x8  Data  Gb  fuzzy.o [1]
sendDataToScope         0x00002e9f   0x154  Code  Gb  VCAN_FreeCar.o [1]
servo2R                 0x1fff0fa0   0x320  Data  Gb  VCAN_Servo.o [1]
set_sys_dividers        0x1fff0ea9    0x50  Code  Gb  MK60_mcg.o [1]
set_vector_handler      0x00003553    0x22  Code  Gb  misc.o [1]
speedFuzzy              0x1fff0f28    0x20  Data  Gb  fuzzy.o [1]
speedRule               0x1fff14cc     0x8  Data  Gb  fuzzy.o [1]
speed_DF                0x1fff0434    0x10  Data  Gb  fuzzy.o [1]
speed_Out               0x1fff0f00     0x8  Data  Gb  fuzzy.o [1]
speed_Rules             0x1fff0444    0x34  Data  Gb  fuzzy.o [1]
start                   0x00006ca5    0x22  Code  Gb  system_MK60DZ10.o [1]
start_check             0x00003811    0x9a  Code  Gb  MK60_conf.o [1]
strchr                  0x0000102d          Code  Gb  strchr.o [5]
strlen                  0x00001045          Code  Gb  strlen.o [5]
svero_speed2speeds      0x00004c91   0x10c  Code  Gb  VCAN_Servo.o [1]
sysinit                 0x00006cc7    0x3c  Code  Gb  system_MK60DZ10.o [1]
systick_delay           0x00003fa9    0x36  Code  Gb  MK60_SysTick.o [1]
systick_delay_ms        0x00003fdf    0x18  Code  Gb  MK60_SysTick.o [1]
turnAngle               0x1fff4192     0x2  Data  Gb  VCAN_Track.o [1]
uSendBuf                0x1fff14f8    0x24  Data  Gb  VCAN_FreeCar.o [1]
uart3_handler           0x00006815    0x52  Code  Gb  VCAN_UART.o [1]
uart4_handler           0x000030e5    0x6a  Code  Gb  VCAN_FreeCar.o [1]
uart_getchar            0x00003429    0x1e  Code  Gb  MK60_uart.o [1]
uart_init               0x00003211   0x218  Code  Gb  MK60_uart.o [1]
uart_putbuff            0x00003461    0x24  Code  Gb  MK60_uart.o [1]
uart_putchar            0x00003447    0x1a  Code  Gb  MK60_uart.o [1]
uart_rx_irq_en          0x00003485    0x2a  Code  Gb  MK60_uart.o [1]
uart_tx_irq_dis         0x000034d9    0x38  Code  Gb  MK60_uart.o [1]
uart_tx_irq_en          0x000034af    0x2a  Code  Gb  MK60_uart.o [1]
uratn                   0x1fff0c2d     0x1  Data  Gb  VCAN_FreeCar.o [1]
variableBuffer          0x00004a1f    0x7a  Code  Gb  VCAN_Track.o [1]
vcan_sendimg            0x00006f79    0x38  Code  Gb  VCAN_computer.o [1]
vector_str              0x1fff0478   0x708  Data  Gb  MK60_conf.o [1]
wdog_disable            0x00006dd5    0x16  Code  Gb  MK60_wdog.o [1]
wdog_unlock             0x00006deb    0x20  Code  Lc  MK60_wdog.o [1]
write_vtor              0x00003531    0x22  Code  Gb  misc.o [1]


[1] = C:\Users\86326\Desktop\∑…ø®œ‡πÿ\competition0v7725_3_10_15µ„37∑÷C≥µÕºœÒ¥¶¿Ì–ﬁ∏ƒÕÍ±œ÷±œﬂƒ‚∫œ\competition0v7725_3_14_23µ„37∑÷C≥µÕºœÒ¥¶¿Ì–ﬁ∏ƒÕÍ±œ÷±œﬂƒ‚∫œ\competition0v7725_3_10_15µ„37∑÷C≥µÕºœÒ¥¶¿Ì–ﬁ∏ƒÕÍ±œ÷±œﬂƒ‚∫œ\Prj\IAR\FN15_Debug\Obj
[2] = command line
[3] = dl7M_tlf.a
[4] = m7M_tlv.a
[5] = rt7M_tl.a

  25 062 bytes of readonly  code memory
     496 bytes of readwrite code memory
   6 400 bytes of readonly  data memory
  15 406 bytes of readwrite data memory

Errors: none
Warnings: none
